******************************************************************************
                  TI ARM Linker PC v5.2.5                      
******************************************************************************
>> Linked Wed Oct 14 12:54:26 2015

OUTPUT FILE NAME:   <SensorTag.out>
ENTRY POINT SYMBOL: "ResetISR"  address: 00009891


MEMORY CONFIGURATION

         name            origin    length      used     unused   attr    fill
----------------------  --------  ---------  --------  --------  ----  --------
  FLASH                 00000000   0000dfff  0000da74  0000058b  R  X
  SRAM                  20000000   0000445f  00003fef  00000470  RW X


SEGMENT ALLOCATION MAP

run origin  load origin   length   init length attrs members
----------  ----------- ---------- ----------- ----- -------
00000000    00000000    00000094   00000094    r--
  00000000    00000000    0000003c   0000003c    r-- .resetVecs
  0000003c    0000003c    00000058   00000058    r-- .ccfg
00000100    00000100    0000d9f0   0000d9f0    r-x
  00000100    00000100    0000003c   0000003c    r-- .const:ti_sysbios_knl_Task_Object__PARAMS__C
  0000013c    0000013c    00000034   00000034    r-- .const:ti_sysbios_knl_Mailbox_Object__PARAMS__C
  00000170    00000170    00000030   00000030    r-- .const:ti_sysbios_family_arm_m3_Hwi_Object__PARAMS__C
  000001a0    000001a0    0000002c   0000002c    r-- .const:ti_sysbios_hal_Hwi_Object__PARAMS__C
  000001cc    000001cc    00000028   00000028    r-- .const:ti_sysbios_heaps_HeapMem_Module__FXNS__C
  000001f4    000001f4    00000028   00000028    r-- .const:ti_sysbios_knl_Swi_Object__PARAMS__C
  0000021c    0000021c    00000024   00000024    r-- .const:ti_sysbios_gates_GateHwi_Module__FXNS__C
  00000240    00000240    00000024   00000024    r-- .const:ti_sysbios_gates_GateMutex_Module__FXNS__C
  00000264    00000264    00000024   00000024    r-- .const:ti_sysbios_heaps_HeapMem_Object__PARAMS__C
  00000288    00000288    00000024   00000024    r-- .const:ti_sysbios_knl_Clock_Object__PARAMS__C
  000002ac    000002ac    00000024   00000024    r-- .const:ti_sysbios_knl_Semaphore_Object__PARAMS__C
  000002d0    000002d0    00000020   00000020    r-- .const:ti_sysbios_family_arm_m3_Hwi_Object__DESC__C
  000002f0    000002f0    00000020   00000020    r-- .const:ti_sysbios_gates_GateHwi_Object__DESC__C
  00000310    00000310    00000020   00000020    r-- .const:ti_sysbios_gates_GateMutex_Object__DESC__C
  00000330    00000330    00000020   00000020    r-- .const:ti_sysbios_hal_Hwi_Object__DESC__C
  00000350    00000350    00000020   00000020    r-- .const:ti_sysbios_heaps_HeapMem_Object__DESC__C
  00000370    00000370    00000020   00000020    r-- .const:ti_sysbios_knl_Clock_Object__DESC__C
  00000390    00000390    00000020   00000020    r-- .const:ti_sysbios_knl_Mailbox_Object__DESC__C
  000003b0    000003b0    00000020   00000020    r-- .const:ti_sysbios_knl_Queue_Object__DESC__C
  000003d0    000003d0    00000020   00000020    r-- .const:ti_sysbios_knl_Semaphore_Object__DESC__C
  000003f0    000003f0    00000020   00000020    r-- .const:ti_sysbios_knl_Swi_Object__DESC__C
  00000410    00000410    00000020   00000020    r-- .const:ti_sysbios_knl_Task_Object__DESC__C
  00000430    00000430    00000018   00000018    r-- .const:ti_sysbios_gates_GateHwi_Object__PARAMS__C
  00000448    00000448    00000018   00000018    r-- .const:ti_sysbios_gates_GateMutex_Object__PARAMS__C
  00000460    00000460    00000018   00000018    r-- .const:ti_sysbios_knl_Queue_Object__PARAMS__C
  00000478    00000478    00000008   00000008    r-- .const:ti_sysbios_knl_Idle_funcList__C
  00000484    00000484    00000004   00000004    r-- .const:ti_sysbios_family_arm_cc26xx_Timer_startupNeeded__C
  00000488    00000488    00000004   00000004    r-- .const:ti_sysbios_family_arm_m3_Hwi_E_alreadyDefined__C
  0000048c    0000048c    00000004   00000004    r-- .const:ti_sysbios_family_arm_m3_Hwi_E_hwiLimitExceeded__C
  00000490    00000490    00000004   00000004    r-- .const:ti_sysbios_family_arm_m3_Hwi_NUM_INTERRUPTS__C
  00000494    00000494    00000004   00000004    r-- .const:ti_sysbios_family_arm_m3_Hwi_Object__count__C
  00000498    00000498    00000004   00000004    r-- .const:ti_sysbios_family_arm_m3_Hwi_Object__table__C
  0000049c    0000049c    00000004   00000004    r-- .const:ti_sysbios_family_arm_m3_Hwi_ccr__C
  000004a0    000004a0    00000004   00000004    r-- .const:ti_sysbios_family_arm_m3_Hwi_excHandlerFunc__C
  000004a4    000004a4    00000004   00000004    r-- .const:ti_sysbios_family_arm_m3_Hwi_nullIsrFunc__C
  000004a8    000004a8    00000004   00000004    r-- .const:ti_sysbios_family_arm_m3_Hwi_numSparseInterrupts__C
  000004ac    000004ac    00000004   00000004    r-- .const:ti_sysbios_family_arm_m3_Hwi_priGroup__C
  000004b0    000004b0    00000004   00000004    r-- .const:ti_sysbios_family_arm_m3_TaskSupport_stackAlignment__C
  000004b4    000004b4    00000004   00000004    r-- .const:ti_sysbios_heaps_HeapMem_E_memory__C
  000004b8    000004b8    00000004   00000004    r-- .const:ti_sysbios_heaps_HeapMem_Module__gateObj__C
  000004bc    000004bc    00000004   00000004    r-- .const:ti_sysbios_heaps_HeapMem_Object__count__C
  000004c0    000004c0    00000004   00000004    r-- .const:ti_sysbios_heaps_HeapMem_Object__table__C
  000004c4    000004c4    00000004   00000004    r-- .const:ti_sysbios_heaps_HeapMem_reqAlign__C
  000004c8    000004c8    00000004   00000004    r-- .const:ti_sysbios_knl_Clock_serviceMargin__C
  000004cc    000004cc    00000004   00000004    r-- .const:ti_sysbios_knl_Mailbox_Object__count__C
  000004d0    000004d0    00000004   00000004    r-- .const:ti_sysbios_knl_Mailbox_Object__table__C
  000004d4    000004d4    00000004   00000004    r-- .const:ti_sysbios_knl_Queue_Object__count__C
  000004d8    000004d8    00000004   00000004    r-- .const:ti_sysbios_knl_Queue_Object__table__C
  000004dc    000004dc    00000004   00000004    r-- .const:ti_sysbios_knl_Swi_Object__count__C
  000004e0    000004e0    00000004   00000004    r-- .const:ti_sysbios_knl_Swi_Object__table__C
  000004e4    000004e4    00000004   00000004    r-- .const:ti_sysbios_knl_Swi_numPriorities__C
  000004e8    000004e8    00000004   00000004    r-- .const:ti_sysbios_knl_Task_Object__count__C
  000004ec    000004ec    00000004   00000004    r-- .const:ti_sysbios_knl_Task_Object__table__C
  000004f0    000004f0    00000004   00000004    r-- .const:ti_sysbios_knl_Task_allBlockedFunc__C
  000004f4    000004f4    00000004   00000004    r-- .const:ti_sysbios_knl_Task_defaultStackHeap__C
  000004f8    000004f8    00000004   00000004    r-- .const:ti_sysbios_knl_Task_defaultStackSize__C
  000004fc    000004fc    00000004   00000004    r-- .const:ti_sysbios_knl_Task_numConstructedTasks__C
  00000502    00000502    00000002   00000002    r-- .const:ti_sysbios_family_arm_cc26xx_Timer_Module__id__C
  00000504    00000504    00000002   00000002    r-- .const:ti_sysbios_family_arm_cc26xx_TimestampProvider_useClockTimer__C
  00000506    00000506    00000002   00000002    r-- .const:ti_sysbios_family_arm_m3_Hwi_Module__id__C
  00000508    00000508    00000002   00000002    r-- .const:ti_sysbios_gates_GateHwi_Module__id__C
  0000050a    0000050a    00000002   00000002    r-- .const:ti_sysbios_gates_GateMutex_Module__id__C
  0000050c    0000050c    00000002   00000002    r-- .const:ti_sysbios_heaps_HeapMem_Module__id__C
  0000050e    0000050e    00000002   00000002    r-- .const:ti_sysbios_knl_Task_initStackFlag__C
  00000510    00000510    00000001   00000001    r-- .const:ti_sysbios_knl_Clock_tickMode__C
  00000514    00000514    00000008   00000008    r-- .const:xdc_runtime_Startup_firstFxns__C
  0000051c    0000051c    00000008   00000008    r-- .const:xdc_runtime_Startup_lastFxns__C
  00000524    00000524    00000004   00000004    r-- .const:xdc_runtime_Assert_E_assertFailed__C
  00000528    00000528    00000004   00000004    r-- .const:xdc_runtime_Error_E_memory__C
  0000052c    0000052c    00000004   00000004    r-- .const:xdc_runtime_Error_policyFxn__C
  00000530    00000530    00000004   00000004    r-- .const:xdc_runtime_IGateProvider_Interface__BASE__C
  00000534    00000534    00000004   00000004    r-- .const:xdc_runtime_IHeap_Interface__BASE__C
  00000538    00000538    00000004   00000004    r-- .const:xdc_runtime_IModule_Interface__BASE__C
  0000053c    0000053c    00000004   00000004    r-- .const:xdc_runtime_Main_Module__diagsEnabled__C
  00000540    00000540    00000004   00000004    r-- .const:xdc_runtime_Main_Module__diagsIncluded__C
  00000544    00000544    00000004   00000004    r-- .const:xdc_runtime_Main_Module__diagsMask__C
  00000548    00000548    00000004   00000004    r-- .const:xdc_runtime_Memory_defaultHeapInstance__C
  0000054c    0000054c    00000004   00000004    r-- .const:xdc_runtime_Startup_execImpl__C
  00000550    00000550    00000004   00000004    r-- .const:xdc_runtime_Startup_maxPasses__C
  00000554    00000554    00000004   00000004    r-- .const:xdc_runtime_Startup_sfxnRts__C
  00000558    00000558    00000004   00000004    r-- .const:xdc_runtime_Startup_sfxnTab__C
  0000055c    0000055c    00000004   00000004    r-- .const:xdc_runtime_Startup_startModsFxn__C
  00000560    00000560    00000004   00000004    r-- .const:xdc_runtime_SysCallback_abortFxn__C
  00000564    00000564    00000004   00000004    r-- .const:xdc_runtime_SysCallback_exitFxn__C
  00000568    00000568    00000004   00000004    r-- .const:xdc_runtime_System_abortFxn__C
  0000056c    0000056c    00000004   00000004    r-- .const:xdc_runtime_System_exitFxn__C
  00000570    00000570    00000004   00000004    r-- .const:xdc_runtime_System_maxAtexitHandlers__C
  00000574    00000574    00000004   00000004    r-- .const:xdc_runtime_Text_charTab__C
  00000578    00000578    00000004   00000004    r-- .const:xdc_runtime_Text_nameEmpty__C
  0000057c    0000057c    00000004   00000004    r-- .const:xdc_runtime_Text_nameStatic__C
  00000580    00000580    00000004   00000004    r-- .const:xdc_runtime_Text_nameUnknown__C
  00000584    00000584    00000002   00000002    r-- .const:xdc_runtime_Main_Module__id__C
  00000586    00000586    00000002   00000002    r-- .const:xdc_runtime_Memory_Module__id__C
  00000588    00000588    00000002   00000002    r-- .const:xdc_runtime_Text_charCnt__C
  0000058a    0000058a    00000002   00000002    r-- .const:xdc_runtime_Text_isLoaded__C
  0000058c    0000058c    00000001   00000001    r-- .const:xdc_runtime_Error_policy__C
  00000590    00000590    00000004   00000004    r-- .const:ti_sysbios_rom_ROM_AONRTCChannelEnable
  00000594    00000594    00000004   00000004    r-- .const:ti_sysbios_rom_ROM_AONRTCCompareValueSet
  00000598    00000598    00000004   00000004    r-- .const:ti_sysbios_rom_ROM_AONRTCCurrentCompareValueGet
  0000059c    0000059c    00000004   00000004    r-- .const:ti_sysbios_rom_ROM_AONRTCEventClear
  000005a0    000005a0    00000004   00000004    r-- .const:ti_sysbios_rom_ROM_ti_sysbios_family_arm_cc26xx_Timer_getCount64__E
  000005a4    000005a4    00000004   00000004    r-- .const:ti_sysbios_rom_ROM_ti_sysbios_family_arm_cc26xx_Timer_getCurrentTick__E
  000005a8    000005a8    00000004   00000004    r-- .const:ti_sysbios_rom_ROM_ti_sysbios_family_arm_cc26xx_Timer_getMaxTicks__E
  000005ac    000005ac    00000004   00000004    r-- .const:ti_sysbios_rom_ROM_ti_sysbios_family_arm_cc26xx_Timer_initDevice__I
  000005b0    000005b0    00000004   00000004    r-- .const:ti_sysbios_rom_ROM_ti_sysbios_family_arm_cc26xx_Timer_setNextTick__E
  000005b4    000005b4    00000004   00000004    r-- .const:ti_sysbios_rom_ROM_ti_sysbios_family_arm_cc26xx_Timer_setThreshold__I
  000005b8    000005b8    00000004   00000004    r-- .const:ti_sysbios_rom_ROM_ti_sysbios_family_arm_cc26xx_Timer_start__E
  000005bc    000005bc    00000004   00000004    r-- .const:ti_sysbios_rom_ROM_ti_sysbios_family_arm_cc26xx_TimestampProvider_get32__E
  000005c0    000005c0    00000004   00000004    r-- .const:ti_sysbios_rom_ROM_xdc_runtime_Startup_getState__I
  000005c4    000005c4    00000004   00000004    r-- .const:ti_sysbios_rom_ROM_xdc_runtime_System_SupportProxy_abort__E
  000005c8    000005c8    00000004   00000004    r-- .const:ti_sysbios_rom_ROM_xdc_runtime_System_SupportProxy_exit__E
  000005cc    000005cc    00000004   00000004    r-- .const:ti_sysbios_gates_GateMutex_Instance_State_sem__O
  000005d0    000005d0    00000004   00000004    r-- .const:ti_sysbios_knl_Clock_Module_State_clockQ__O
  000005d4    000005d4    00000004   00000004    r-- .const:ti_sysbios_knl_Mailbox_Instance_State_dataQue__O
  000005d8    000005d8    00000004   00000004    r-- .const:ti_sysbios_knl_Mailbox_Instance_State_dataSem__O
  000005dc    000005dc    00000004   00000004    r-- .const:ti_sysbios_knl_Mailbox_Instance_State_freeQue__O
  000005e0    000005e0    00000004   00000004    r-- .const:ti_sysbios_knl_Mailbox_Instance_State_freeSem__O
  000005e4    000005e4    00000004   00000004    r-- .const:ti_sysbios_knl_Semaphore_Instance_State_pendQ__O
  000005e8    000005e8    00000004   00000004    r-- .const:ti_sysbios_knl_Task_Module_State_inactiveQ__O
  000005ec    000005ec    0000be98   0000be98    r-x .text
  0000c484    0000c484    00000b28   00000b28    r-- .const
  0000cfb0    0000cfb0    00000b40   00000b40    r-- .cinit
20000000    20000000    000000c8   00000000    rw-
  20000000    20000000    000000c8   00000000    rw- .vecs
20000100    20000100    00000104   00000000    rw-
  20000100    20000100    00000044   00000000    rw- .data:ti_sysbios_knl_Task_Module__state__V
  20000144    20000144    00000034   00000000    rw- .data:ti_sysbios_family_arm_m3_Hwi_Module__state__V
  20000178    20000178    0000002c   00000000    rw- .data:ti_sysbios_knl_Clock_Module__state__V
  200001a4    200001a4    00000024   00000000    rw- .data:ti_sysbios_BIOS_Module__state__V
  200001c8    200001c8    0000001c   00000000    rw- .data:ti_sysbios_knl_Swi_Module__state__V
  200001e4    200001e4    00000008   00000000    rw- .data:ti_sysbios_family_arm_cc26xx_Timer_Module__state__V
  200001ec    200001ec    00000004   00000000    rw- .data:ti_sysbios_family_arm_cc26xx_TimestampProvider_Module__state__V
  200001f0    200001f0    00000008   00000000    rw- .data:xdc_runtime_Startup_Module__state__V
  200001f8    200001f8    00000008   00000000    rw- .data:xdc_runtime_System_Module__state__V
  20000200    20000200    00000004   00000000    rw- .data:xdc_runtime_Memory_Module__state__V
20000430    20000430    00000010   00000000    rw-
  20000430    20000430    00000010   00000000    rw- .TI.bound:dmaRxControlTableEntry0
20000440    20000440    00000010   00000000    rw-
  20000440    20000440    00000010   00000000    rw- .TI.bound:dmaTxControlTableEntry0
20000500    20000500    00000010   00000000    rw-
  20000500    20000500    00000010   00000000    rw- .TI.bound:dmaRxControlTableEntry1
20000510    20000510    000039f7   00000000    rw-
  20000510    20000510    00000010   00000000    rw- .TI.bound:dmaTxControlTableEntry1
  20000520    20000520    000021bc   00000000    rw- .data
  200026e0    200026e0    00001827   00000000    rw- .bss
2000405c    2000405c    00000400   00000000    rw-
  2000405c    2000405c    00000400   00000000    rw- .stack


SECTION ALLOCATION MAP

 output                                  attributes/
section   page    origin      length       input sections
--------  ----  ----------  ----------   ----------------
.text      0    000005ec    0000be98     
                  000005ec    0000109a     rtsv7M3_T_le_eabi.lib : _printfi.obj (.text)
                  00001686    000005ce     driverlib.lib : setup.obj (.text:HapiTrimDeviceShutDown)
                  00001c54    000004f8     SensorTag.obj (.text:SensorTag_taskFxn)
                  0000214c    000004c0     peripheral.obj (.text:gapRole_taskFxn)
                  0000260c    0000034c     sysbios.aem3 : mangled__BIOS_lib.obj (.text:ti_sysbios_family_arm_cc26xx_Power_auxISR__E)
                  00002958    000002f4                  : mangled__BIOS_lib.obj (.text:ti_sysbios_family_arm_cc26xx_Power_sleep__E)
                  00002c4c    000002e4     string.obj (.text:GrStringDraw)
                  00002f30    00000294     peripheral.obj (.text:GAPRole_SetParameter)
                  000031c4    000001f4     rtsv7M3_T_le_eabi.lib : ull_div_t2.obj (.text)
                  000033b8    000001b6                           : fd_add_t2.obj (.text)
                  0000356e    000001aa     driverlib.lib : sys_ctrl.obj (.text:SysCtrlSetRechargeBeforePowerDown)
                  00003718    00000194     PINCC26XX.obj (.text:PIN_init)
                  000038ac    0000018c     SPICC26XXDMA.obj (.text:SPICC26XXDMA_transfer)
                  00003a38    00000150     SPICC26XXDMA.obj (.text:SPICC26XXDMA_initIO)
                  00003b88    0000013c     peripheral.obj (.text:GAPRole_GetParameter)
                  00003cc4    00000138     I2CCC26XX.obj (.text:I2CCC26XX_open)
                  00003dfc    00000138     Sharp96x96.obj (.text:Sharp96x96_RectFill)
                  00003f34    00000136     rtsv7M3_T_le_eabi.lib : fd_div_t2.obj (.text)
                  0000406a    00000002     SPICC26XXDMA.obj (.text:SPICC26XXDMA_serviceISR)
                  0000406c    0000012c     SPICC26XXDMA.obj (.text:SPICC26XXDMA_open)
                  00004198    00000118     devinfoservice.obj (.text:DevInfo_SetParameter)
                  000042b0    00000110     rtsv7M3_T_le_eabi.lib : xdscale.obj (.text)
                  000043c0    0000010c     SensorTag_Mov.obj (.text:SensorTagMov_processSensorEvent)
                  000044cc    0000010a     ICall.obj (.text:ICall_primWaitMatch)
                  000045d6    00000002     appBLE_pem3.oem3 (.text:ti_sysbios_BIOS_nullFunc__I)
                  000045d8    00000104     Sharp96x96.obj (.text:Sharp96x96_LineDrawH)
                  000046dc    00000104     sysbios.aem3 : mangled__BIOS_lib.obj (.text:calibrateRcoscHf1$28)
                  000047e0    00000100     SPICC26XXDMA.obj (.text:SPICC26XXDMA_transferCancel)
                  000048e0    00000100     SensorTag_Bar.obj (.text:sensorTaskFxn)
                  000049e0    000000fc     SPICC26XXDMA.obj (.text:SPICC26XXDMA_hwiFxn)
                  00004adc    000000fc     rtsv7M3_T_le_eabi.lib : fd_mul_t2.obj (.text)
                  00004bd8    000000fc     sensor_mpu9250.obj (.text:sensorMpu9250MagRead)
                  00004cd4    000000f8     sysbios.aem3 : mangled__BIOS_lib.obj (.text:ti_sysbios_family_arm_cc26xx_Power_startFirstMeasurement__E)
                  00004dcc    000000f0     sensor_bmp280.obj (.text:sensorBmp280Convert)
                  00004ebc    000000f0     sysbios.aem3 : mangled__BIOS_lib.obj (.text:ti_sysbios_family_arm_cc26xx_Power_standbyPolicy__E)
                  00004fac    000000e0     I2CCC26XX.obj (.text:I2CCC26XX_hwiFxn)
                  0000508c    000000dc     sensor_mpu9250.obj (.text:sensorMpu9250WomEnable)
                  00005168    000000dc     SensorTag_Tmp.obj (.text:sensorTaskFxn)
                  00005244    000000d8     sysbios.aem3 : mangled__BIOS_lib.obj (.text:ti_sysbios_family_arm_cc26xx_Power_setDependency__E)
                  0000531c    000000d4     sensor_mpu9250.obj (.text:sensorMpu9250Reset)
                  000053f0    000000d0     ioservice.obj (.text:io_WriteAttrCB)
                  000054c0    000000d0     barometerservice.obj (.text:sensor_WriteAttrCB)
                  00005590    000000d0     humidityservice.obj (.text:sensor_WriteAttrCB)
                  00005660    000000d0     irtempservice.obj (.text:sensor_WriteAttrCB)
                  00005730    000000d0     movementservice.obj (.text:sensor_WriteAttrCB)
                  00005800    000000d0     opticservice.obj (.text:sensor_WriteAttrCB)
                  000058d0    000000d0     sysbios.aem3 : mangled__BIOS_lib.obj (.text:ti_sysbios_family_arm_cc26xx_Power_releaseDependency__E)
                  000059a0    000000cc     sensor_mpu9250.obj (.text:sensorMpu9250Enable)
                  00005a6c    000000c8     I2CCC26XX.obj (.text:I2CCC26XX_transfer)
                  00005b34    000000c0     SensorTag_Mov.obj (.text:SensorTagMov_processCharChangeEvt)
                  00005bf4    000000be     rtsv7M3_T_le_eabi.lib : xdnorm.obj (.text)
                  00005cb2    00000002     sysbios.aem3 : mangled__BIOS_lib.obj (.text:ti_sysbios_family_arm_cc26xx_Power_defaultClockFunc__E)
                  00005cb4    000000bc     SensorTag_IO.obj (.text:SensorTagIO_processCharChangeEvt)
                  00005d70    000000bc     sensor.obj (.text:sensorTestExecute)
                  00005e2c    000000b8     PINCC26XX.obj (.text:PINCC26XX_setIoCfg)
                  00005ee4    000000b8     SensorTag_Hum.obj (.text:sensorTaskFxn)
                  00005f9c    000000b4     SensorTag_Keys.obj (.text:SensorTagKeys_processEvent)
                  00006050    000000b4     devinfoservice.obj (.text:devInfo_ReadAttrCB)
                  00006104    000000b4     devpk_lcd.obj (.text:devpkLcdOpen)
                  000061b8    000000b4     driverlib.lib : setup.obj (.text:trimDevice)
                  0000626c    000000b0     gattservapp_util.obj (.text:GATTServApp_ProcessCharCfg)
                  0000631c    000000b0     sysbios.aem3 : mangled__BIOS_lib.obj (.text:ti_sysbios_knl_Clock_workFuncDynamic__E)
                  000063cc    000000a8     displayservice.obj (.text:sensor_WriteAttrCB)
                  00006474    000000a8     sysbios.aem3 : mangled__BIOS_lib.obj (.text:ti_sysbios_knl_Task_setPri__E)
                  0000651c    000000a4                  : mangled__BIOS_lib.obj (.text:ti_sysbios_family_arm_cc26xx_Power_initiateCalibration__E)
                  000065c0    000000a0     auto_init.aem3 : auto_init.oem3 (.text)
                  00006660    0000009c     ICall.obj (.text:ICall_primSetTimer)
                  000066fc    0000009c     rtsv7M3_T_le_eabi.lib : memcpy_t2.obj (.text)
                  00006798    0000009c     sensor_tmp007.obj (.text:sensorTmp007Test)
                  00006834    00000096     sensor_bmp280.obj (.text:sensorBmp280Test)
                  000068ca    00000094     driverlib.lib : osc.obj (.text:OSCHF_GetStartupTime)
                  0000695e    00000002     sysbios.aem3 : mangled__BIOS_lib.obj (.text:ti_sysbios_family_arm_cc26xx_Power_defaultNotifyTrapFunc__E)
                  00006960    00000094     SensorTag_Display.obj (.text:SensorTagDisplay_processCharChangeEvt)
                  000069f4    00000094     SensorTag_Opt.obj (.text:SensorTagOpt_processCharChangeEvt)
                  00006a88    0000008c     PINCC26XX.obj (.text:PIN_open)
                  00006b14    0000008c     SensorTag_Bar.obj (.text:SensorTagBar_processCharChangeEvt)
                  00006ba0    0000008c     sensor_tmp007.obj (.text:sensorTmp007Read)
                  00006c2c    0000008c     sysbios.aem3 : mangled__BIOS_lib.obj (.text:ti_sysbios_family_arm_cc26xx_Power_LF_clockFunc__E)
                  00006cb8    0000008c                  : mangled__BIOS_lib.obj (.text:ti_sysbios_family_arm_cc26xx_Power_Module_startup__E)
                  00006d44    00000088     I2CCC26XX.obj (.text:I2CCC26XX_close)
                  00006dcc    00000088     sysbios.aem3 : mangled__BIOS_lib.obj (.text:ti_sysbios_family_arm_cc26xx_Timer_start__E)
                  00006e54    00000086     rtsv7M3_T_le_eabi.lib : fd_cmp_t2.obj (.text:__aeabi_cdcmple)
                  00006eda    00000086                           : fd_cmp_t2.obj (.text:__aeabi_cdrcmple)
                  00006f60    00000084     ICall.obj (.text:ICall_heapMalloc)
                  00006fe4    00000084     SensorTag_Tmp.obj (.text:SensorTagTmp_processCharChangeEvt)
                  00007068    00000080     SensorTag_Hum.obj (.text:SensorTagHum_processCharChangeEvt)
                  000070e8    00000080     Sharp96x96.obj (.text:Sharp96x96_Flush)
                  00007168    00000080     Sharp96x96.obj (.text:Sharp96x96_LineDrawV)
                  000071e8    0000007c     driverlib.lib : chipinfo.obj (.text:ChipInfo_GetHwRevision)
                  00007264    0000007c     ICall.obj (.text:ICall_createRemoteTasks)
                  000072e0    0000007c     gattservapp_util.obj (.text:gattServApp_SendNotiInd)
                  0000735c    0000007a     rtsv7M3_T_le_eabi.lib : memset_t2.obj (.text)
                  000073d6    00000002     appBLE_pem3.oem3 (.text:ti_sysbios_rom_cortexm_cc26xx_CC26xx_badRomRevision__E)
                  000073d8    00000078     SPICC26XXDMA.obj (.text:SPICC26XXDMA_control)
                  00007450    00000078     bsp_i2c.obj (.text:bspI2cSelect)
                  000074c8    00000078     movementservice.obj (.text:sensor_ReadAttrCB)
                  00007540    00000074     ICall.obj (.text:ICall_primSend)
                  000075b4    00000074     movementservice.obj (.text:Movement_setParameter)
                  00007628    00000074     Sharp96x96.obj (.text:Sharp96x96_ClearScreen)
                  0000769c    00000070     SensorTag_Display.obj (.text:SensorTag_displayStatus)
                  0000770c    00000070     bsp_i2c.obj (.text:bspI2cInit)
                  0000777c    00000070     barometerservice.obj (.text:sensor_ReadAttrCB)
                  000077ec    0000006e     driverlib.lib : osc.obj (.text:OSCHF_AttemptToSwitchToXosc)
                  0000785a    00000002     sysbios.aem3 : mangled__BIOS_lib.obj (.text:xdc_runtime_SysCallback_defaultAbort)
                  0000785c    0000006c     barometerservice.obj (.text:Barometer_setParameter)
                  000078c8    0000006c     devinfoservice.obj (.text:DevInfo_GetParameter)
                  00007934    0000006c     ICallCC2650.obj (.text:ICallPlatform_pwrUpdActivityCounter)
                  000079a0    0000006c     peripheral.obj (.text:gapRole_startConnUpdate)
                  00007a0c    0000006c     displayservice.obj (.text:sensor_ReadAttrCB)
                  00007a78    0000006a     I2CCC26XX.obj (.text:I2CCC26XX_primeTransfer)
                  00007ae2    0000006a     rtsv7M3_T_le_eabi.lib : copy_decompress_rle.obj (.text)
                  00007b4c    0000006a     sensor_opt3001.obj (.text:sensorOpt3001Read)
                  00007bb6    00000002     sysbios.aem3 : mangled__BIOS_lib.obj (.text:xdc_runtime_SysCallback_defaultExit)
                  00007bb8    00000068     humidityservice.obj (.text:Humidity_setParameter)
                  00007c20    00000068     ICall.obj (.text:ICall_primEnroll)
                  00007c88    00000068     irtempservice.obj (.text:IRTemp_setParameter)
                  00007cf0    00000068     simplekeys.obj (.text:SK_AddService)
                  00007d58    00000068     UDMACC26XX.obj (.text:UDMACC26XX_open)
                  00007dc0    00000068     SensorTag_Mov.obj (.text:appStateSet)
                  00007e28    00000066     driverlib.lib : sys_ctrl.obj (.text:SysCtrl_DCDC_VoltageConditionalControl)
                  00007e8e    00000066     rtsv7M3_T_le_eabi.lib : xdunscal.obj (.text)
                  00007ef4    00000066     sensor_hdc1000.obj (.text:sensorHdc1000Test)
                  00007f5a    00000066     humidityservice.obj (.text:sensor_ReadAttrCB)
                  00007fc0    00000066     irtempservice.obj (.text:sensor_ReadAttrCB)
                  00008026    00000066     opticservice.obj (.text:sensor_ReadAttrCB)
                  0000808c    00000064     opticservice.obj (.text:Optic_setParameter)
                  000080f0    00000064     PINCC26XX.obj (.text:PIN_add)
                  00008154    00000062     driverlib.lib : sys_ctrl.obj (.text:SysCtrlAdjustRechargeAfterPowerDown)
                  000081b6    00000002     --HOLE-- [fill = 0]
                  000081b8    00000060     SensorTag_Mov.obj (.text:SensorTagMov_init)
                  00008218    00000060     devpk_lcd.obj (.text:devpkLcdText)
                  00008278    00000060     rtsv7M3_T_le_eabi.lib : sprintf.obj (.text)
                  000082d8    00000060     appBLE_pem3.oem3 (.text:ti_sysbios_family_arm_cc26xx_Power_XOSC_HF_clockFunc__E)
                  00008338    00000060     sysbios.aem3 : mangled__BIOS_lib.obj (.text:ti_sysbios_family_arm_cc26xx_Timer_setNextTick__E)
                  00008398    0000005c     barometerservice.obj (.text:Barometer_addService)
                  000083f4    0000005c     humidityservice.obj (.text:Humidity_addService)
                  00008450    0000005c     ICall.obj (.text:ICall_newTask)
                  000084ac    0000005c     ICall.obj (.text:ICall_primThreadServes)
                  00008508    0000005c     irtempservice.obj (.text:IRTemp_addService)
                  00008564    0000005c     ioservice.obj (.text:Io_addService)
                  000085c0    0000005c     movementservice.obj (.text:Movement_addService)
                  0000861c    0000005c     opticservice.obj (.text:Optic_addService)
                  00008678    0000005c     sensor_mpu9250.obj (.text:sensorMpu9250MagReset)
                  000086d4    0000005c     sensor_mpu9250.obj (.text:sensorMpu9250Test)
                  00008730    0000005c     appBLE_pem3.oem3 (.text:xdc_runtime_Startup_getState__I)
                  0000878c    0000005a     ioservice.obj (.text:io_ReadAttrCB)
                  000087e6    00000002     --HOLE-- [fill = 0]
                  000087e8    00000058     peripheral.obj (.text:GAPRole_SendUpdateParam)
                  00008840    00000058     I2CCC26XX.obj (.text:I2CCC26XX_completeTransfer)
                  00008898    00000058     ICallCC2650.obj (.text:ICallPlatform_pwrRegisterNotify)
                  000088f0    00000058     driverlib.lib : osc.obj (.text:OSCHF_SwitchToRcOscTurnOffXosc)
                  00008948    00000058     SPICC26XXDMA.obj (.text:SPICC26XXDMA_initHw)
                  000089a0    00000058     SensorTag.obj (.text:SensorTag_applyFactoryImage)
                  000089f8    00000058     util.obj (.text:Util_constructClock)
                  00008a50    00000058     SensorTag_Keys.obj (.text:processGapStateChange)
                  00008aa8    00000058     sysbios.aem3 : mangled__BIOS_lib.obj (.text:ti_sysbios_family_arm_cc26xx_Power_notify__I)
                  00008b00    00000056     gattservapp_util.obj (.text:GATTServApp_ProcessCCCWriteReq)
                  00008b56    00000056     driverlib.lib : ddi.obj (.text:NOROM_DDI16BitfieldWrite)
                  00008bac    00000056     rtsv7M3_T_le_eabi.lib : ltoa.obj (.text)
                  00008c02    00000054     ICall.obj (.text:ICall_primFetchMsg)
                  00008c56    00000002     --HOLE-- [fill = 0]
                  00008c58    00000054     ioservice.obj (.text:Io_setParameter)
                  00008cac    00000054     PINCC26XX.obj (.text:PIN_remove)
                  00008d00    00000054     SensorTag_IO.obj (.text:SensorTagIO_reset)
                  00008d54    00000054     util.obj (.text:Util_enqueueMsg)
                  00008da8    00000054     util.obj (.text:Util_rescheduleClock)
                  00008dfc    00000054     sensor_mpu9250.obj (.text:sensorMpu9250AccSetRange)
                  00008e50    00000052     ICall.obj (.text:ICall_primWait)
                  00008ea2    00000052     driverlib.lib : osc.obj (.text:NOROM_OSCClockSourceSet)
                  00008ef4    00000052     ext_flash.obj (.text:extFlashRead)
                  00008f46    00000002     --HOLE-- [fill = 0]
                  00008f48    00000050     ICallBleAPI.obj (.text:GAPBondMgr_LinkEst)
                  00008f98    00000050     ICallBleAPI.obj (.text:GAP_DeviceInit)
                  00008fe8    00000050     ICallBleAPI.obj (.text:GATTServApp_RegisterService)
                  00009038    00000050     I2CCC26XX.obj (.text:I2CCC26XX_initHw)
                  00009088    00000050     ICall.obj (.text:ICall_primGetEntityId)
                  000090d8    00000050     ICall.obj (.text:ICall_primRegisterApp)
                  00009128    00000050     SensorTag.obj (.text:SensorTag_charValueChangeCB)
                  00009178    00000050     util.obj (.text:Util_convertBdAddr2Str)
                  000091c8    00000050     devpk_lcd.obj (.text:devpkLcdInvert)
                  00009218    00000050     sensor_hdc1000.obj (.text:sensorHdc1000Read)
                  00009268    0000004e     SPICC26XXDMA.obj (.text:SPICC26XXDMA_close)
                  000092b6    0000004e     sensor_opt3001.obj (.text:sensorOpt3001Test)
                  00009304    0000004c     line.obj (.text:GrLineDrawH)
                  00009350    0000004c     ICall.obj (.text:ICall_primFetchServiceMsg)
                  0000939c    0000004c     SensorTag_Opt.obj (.text:SensorTagOpt_init)
                  000093e8    0000004c     SensorTag.obj (.text:SensorTag_blinkLed)
                  00009434    0000004c     SensorTag.obj (.text:SensorTag_stateChangeCB)
                  00009480    0000004c     Sharp96x96.obj (.text:Sharp96x96_DrawMultiple)
                  000094cc    0000004c     bsp_spi.obj (.text:bspSpiOpen)
                  00009518    0000004c     ext_flash.obj (.text:extFlashOpen)
                  00009564    0000004c     ext_flash.obj (.text:extFlashVerifyPart)
                  000095b0    0000004c     ext_flash.obj (.text:extFlashWaitReady)
                  000095fc    0000004c     ICallBleAPI.obj (.text:gattIndNoti)
                  00009648    0000004c     rtsv7M3_T_le_eabi.lib : atoi.obj (.text)
                  00009694    0000004c                           : cpy_tbl.obj (.text)
                  000096e0    00000048     ICallBleAPI.obj (.text:GAP_UpdateAdvertisingData)
                  00009728    00000048     PINCC26XX.obj (.text:PIN_Isr)
                  00009770    00000048     Sharp96x96.obj (.text:Sharp96x96_PixelDraw)
                  000097b8    00000048     rtsv7M3_T_le_eabi.lib : fd_toi_t2.obj (.text)
                  00009800    00000048     sensor_bmp280.obj (.text:sensorBmp280Read)
                  00009848    00000046     rtsv7M3_T_le_eabi.lib : ldexp.obj (.text)
                  0000988e    00000002     --HOLE-- [fill = 0]
                  00009890    00000044     boot.aem3 : boot.oem3 (.text)
                  000098d4    00000044     ext_flash.obj (.text:extFlashClose)
                  00009918    00000044     rtsv7M3_T_le_eabi.lib : exit.obj (.text)
                  0000995c    00000044     sensor_mpu9250.obj (.text:sensorMpu9250SetBypass)
                  000099a0    00000044     sysbios.aem3 : mangled__BIOS_lib.obj (.text:ti_sysbios_family_arm_cc26xx_Timer_initDevice__I)
                  000099e4    00000042     ICall.obj (.text:ICall_primCreateSemaphore)
                  00009a26    00000042     ICall.obj (.text:ICall_primCreateTask)
                  00009a68    00000042     driverlib.lib : ddi.obj (.text:NOROM_DDI16BitfieldRead)
                  00009aaa    00000002     --HOLE-- [fill = 0]
                  00009aac    00000040     peripheral.obj (.text:GAPRole_createTask)
                  00009aec    00000040     simplekeys.obj (.text:SK_SetParameter)
                  00009b2c    00000040     simplekeys.obj (.text:SK_readAttrCB)
                  00009b6c    00000040     rtsv7M3_T_le_eabi.lib : signal.obj (.text)
                  00009bac    00000040     sensor_mpu9250.obj (.text:sensorMpu9250MagTest)
                  00009bec    00000040     sensor_mpu9250.obj (.text:sensorMpuSleep)
                  00009c2c    00000040     sensor_tmp007.obj (.text:sensorTmp007Enable)
                  00009c6c    00000040     appBLE_pem3.oem3 (.text:ti_sysbios_family_arm_cc26xx_Power_XOSC_HF)
                  00009cac    00000040     sysbios.aem3 : mangled__BIOS_lib.obj (.text:ti_sysbios_family_arm_cc26xx_Power_isStableXOSC_HF__E)
                  00009cec    00000040                  : mangled__BIOS_lib.obj (.text:ti_sysbios_family_arm_cc26xx_Timer_getCurrentTick__E)
                  00009d2c    00000040     ICallBleAPI.obj (.text:waitMatchCS)
                  00009d6c    0000003e     driverlib.lib : osc.obj (.text:NOROM_OSCInterfaceEnable)
                  00009daa    0000003e     ICallBleAPI.obj (.text:gapSendParamAndPtrCmd)
                  00009de8    0000003c     ICallBleAPI.obj (.text:GAP_GetParamValue)
                  00009e24    0000003c     ICallBleAPI.obj (.text:GAP_TerminateLinkReq)
                  00009e60    0000003c     ICallCC2650.obj (.text:ICallPlatform_pwrConfigACAction)
                  00009e9c    0000003c     PINCC26XX.obj (.text:PINCC26XX_getConfig)
                  00009ed8    0000003c     SensorTag_Bar.obj (.text:SensorTagBar_createTask)
                  00009f14    0000003c     SensorTag_Hum.obj (.text:SensorTagHum_createTask)
                  00009f50    0000003c     SensorTag_Keys.obj (.text:SensorTagKeys_processKeyLeft)
                  00009f8c    0000003c     SensorTag_Keys.obj (.text:SensorTagKeys_processKeyRight)
                  00009fc8    0000003c     SensorTag_Tmp.obj (.text:SensorTagTmp_createTask)
                  0000a004    0000003c     SensorTag.obj (.text:SensorTag_createTask)
                  0000a040    0000003c     bsp_i2c.obj (.text:bspI2cRead)
                  0000a07c    0000003c     SensorTag_IO.obj (.text:initBuzzTimer)
                  0000a0b8    0000003c     ICallBleAPI.obj (.text:sendWaitMatchCS)
                  0000a0f4    0000003c     ICallBleAPI.obj (.text:sendWaitMatchValueCS)
                  0000a130    0000003c     sensor_bmp280.obj (.text:sensorBmp280Init)
                  0000a16c    0000003c     sensor_mpu9250.obj (.text:sensorMpu9250AccRead)
                  0000a1a8    0000003c     sensor_mpu9250.obj (.text:sensorMpu9250AccReadRange)
                  0000a1e4    0000003c     sensor_mpu9250.obj (.text:sensorMpu9250GyroRead)
                  0000a220    0000003c     sysbios.aem3 : mangled__BIOS_lib.obj (.text:ti_sysbios_family_arm_cc26xx_Power_releaseConstraint__E)
                  0000a25c    0000003a     ICallBleAPI.obj (.text:profileSetParameter)
                  0000a296    0000003a     sensor_mpu9250.obj (.text:sensorMpu9250IntStatus)
                  0000a2d0    00000038     I2C.obj (.text:I2C_init)
                  0000a308    00000038     ICall.obj (.text:ICall_dispatch)
                  0000a340    00000038     ICall.obj (.text:ICall_init)
                  0000a378    00000038     ICall.obj (.text:ICall_primGetMaxMSecs)
                  0000a3b0    00000038     ICall.obj (.text:ICall_primSetTimerMSecs)
                  0000a3e8    00000038     movementservice.obj (.text:Movement_getParameter)
                  0000a420    00000038     driverlib.lib : osc.obj (.text:OSCHF_TurnOnXosc)
                  0000a458    00000038     PINCC26XX.obj (.text:PIN_setOutputValue)
                  0000a490    00000038     SPICC26XXDMA.obj (.text:SPICC26XXDMA_csnCallback)
                  0000a4c8    00000038     SensorTag_Opt.obj (.text:SensorTagOpt_reset)
                  0000a500    00000038     SensorTag_Display.obj (.text:SensorTag_displayBatteryVoltage)
                  0000a538    00000038     util.obj (.text:Util_restartClock)
                  0000a570    00000038     bsp_i2c.obj (.text:bspI2cWrite)
                  0000a5a8    00000038     bsp_i2c.obj (.text:bspI2cWriteRead)
                  0000a5e0    00000038     bsp_spi.obj (.text:bspSpiClose)
                  0000a618    00000038     ICallBleAPI.obj (.text:gapSendParamsCmd)
                  0000a650    00000038     ICallBleAPI.obj (.text:gapSendPtrParamsCmd)
                  0000a688    00000038     ICallBleAPI.obj (.text:linkDB_NumConns)
                  0000a6c0    00000038     ICallBleAPI.obj (.text:osal_snv_read)
                  0000a6f8    00000038     ICallBleAPI.obj (.text:osal_snv_write)
                  0000a730    00000038     sysbios.aem3 : mangled__BIOS_lib.obj (.text:ti_sysbios_family_arm_cc26xx_Power_setConstraint__E)
                  0000a768    00000038                  : mangled__BIOS_lib.obj (.text:ti_sysbios_family_arm_cc26xx_Timer_setThreshold__I)
                  0000a7a0    00000036     ICallCC2650.obj (.text:ICallPlatform_pwrDispenseImpl)
                  0000a7d6    00000036     ICallCC2650.obj (.text:ICallPlatform_pwrRequireImpl)
                  0000a80c    00000036     ICall.obj (.text:ICall_primWaitSemaphore)
                  0000a842    00000002     --HOLE-- [fill = 0]
                  0000a844    00000034     barometerservice.obj (.text:Barometer_getParameter)
                  0000a878    00000034     driverlib.lib : chipinfo.obj (.text:ChipInfo_GetChipFamily)
                  0000a8ac    00000034     peripheral.obj (.text:GAPRole_StartDevice)
                  0000a8e0    00000034     ICallBleAPI.obj (.text:GAP_SetParamValue)
                  0000a914    00000034     gattservapp_util.obj (.text:GATTServApp_InitCharCfg)
                  0000a948    00000034     ICall.obj (.text:ICall_msgEnqueue)
                  0000a97c    00000034     ICall.obj (.text:ICall_primRegisterISR)
                  0000a9b0    00000008     (.tramp.ti_sysbios_hal_Hwi_create.1)
                  0000a9b8    00000034     ICall.obj (.text:ICall_primRegisterISR_Ext)
                  0000a9ec    00000034     ICall.obj (.text:ICall_searchServiceEntity)
                  0000aa20    00000034     ICallBleAPI.obj (.text:ICall_sendServiceMsg)
                  0000aa54    00000034     PINCC26XX.obj (.text:PIN_setInterrupt)
                  0000aa88    00000034     SensorTag_Keys.obj (.text:SensorTagKeys_processRelay)
                  0000aabc    00000034     rtsv7M3_T_le_eabi.lib : feraiseexcept.obj (.text)
                  0000aaf0    00000032     ICallCC2650.obj (.text:ICallPlatform_pwrNotify)
                  0000ab22    00000032     simplekeys.obj (.text:SK_writeAttrCB)
                  0000ab54    00000032     ICallBleAPI.obj (.text:matchGapSetGetParamCS)
                  0000ab86    00000032     ICallBleAPI.obj (.text:matchGattCmdStatus)
                  0000abb8    00000032     ICallBleAPI.obj (.text:matchUtilNvCS)
                  0000abea    00000002     --HOLE-- [fill = 0]
                  0000abec    00000030     displayservice.obj (.text:Display_getParameter)
                  0000ac1c    00000030     humidityservice.obj (.text:Humidity_getParameter)
                  0000ac4c    00000030     ICall.obj (.text:ICall_heapInit)
                  0000ac7c    00000030     ICall.obj (.text:ICall_msecs2Ticks)
                  0000acac    00000030     ICall.obj (.text:ICall_primEntityId2ServiceId)
                  0000acdc    00000030     ICall.obj (.text:ICall_searchTask)
                  0000ad0c    00000030     ICallBleAPI.obj (.text:ICall_waitMatch)
                  0000ad3c    00000030     irtempservice.obj (.text:IRTemp_getParameter)
                  0000ad6c    00000030     opticservice.obj (.text:Optic_getParameter)
                  0000ad9c    00000030     PINCC26XX.obj (.text:PIN_setConfig)
                  0000adcc    00000030     bsp_spi.obj (.text:bspSpiRead)
                  0000adfc    00000030     bsp_spi.obj (.text:bspSpiWrite)
                  0000ae2c    00000030     devpk_lcd.obj (.text:devpkLcdClear)
                  0000ae5c    00000030     devpk_lcd.obj (.text:devpkLcdPower)
                  0000ae8c    00000030     main.obj (.text:main)
                  0000aebc    00000008     (.tramp.ti_sysbios_BIOS_start__E.1)
                  0000aec4    00000030     ICallBleAPI.obj (.text:profileAddService)
                  0000aef4    00000030     rtsv7M3_T_le_eabi.lib : xferaise.obj (.text)
                  0000af24    00000030     sensor_hdc1000.obj (.text:sensorHdc1000Init)
                  0000af54    00000030     sensor_mpu9250.obj (.text:sensorMpu9250PowerOn)
                  0000af84    00000030     appBLE_pem3.oem3 (.text:ti_sysbios_BIOS_atExitFunc__I)
                  0000afb4    00000008     (.tramp.ti_sysbios_BIOS_setThreadType__E.1)
                  0000afbc    00000030     sysbios.aem3 : mangled__BIOS_lib.obj (.text:ti_sysbios_family_arm_cc26xx_Power_registerNotify__E)
                  0000afec    00000008     (.tramp.ti_sysbios_knl_Queue_put__E.1)
                  0000aff4    00000030                  : mangled__BIOS_lib.obj (.text:ti_sysbios_family_arm_cc26xx_Power_switchXOSC_HF__E)
                  0000b024    0000002e     ICallBleAPI.obj (.text:matchProfileAddServiceCS)
                  0000b052    0000002e     rtsv7M3_T_le_eabi.lib : i_tofd_t2.obj (.text)
                  0000b080    0000002e                           : raise.obj (.text)
                  0000b0ae    0000002e     sensor_opt3001.obj (.text:sensorOpt3001Enable)
                  0000b0dc    0000002c     driverlib.lib : aon_batmon.obj (.text:AONBatMonTemperatureGetDegC)
                  0000b108    0000002c     ICallBleAPI.obj (.text:GAPBondMgr_LinkTerm)
                  0000b134    0000002c     ICallBleAPI.obj (.text:GAPBondMgr_Register)
                  0000b160    0000002c     ICallBleAPI.obj (.text:ICall_getLocalMsgEntityId)
                  0000b18c    0000002c     ICall.obj (.text:ICall_heapFree)
                  0000b1b8    0000002c     ICall.obj (.text:ICall_primAllocMsg)
                  0000b1e4    0000002c     SensorTag_Display.obj (.text:SensorTagDisplay_init)
                  0000b210    0000002c     SensorTag_Mov.obj (.text:SensorTagMov_reset)
                  0000b23c    0000002c     sensor_mpu9250.obj (.text:sensorMpu9250Init)
                  0000b268    0000002c     sensor.obj (.text:sensorWriteReg)
                  0000b294    0000002c     st_util.obj (.text:utilExtractUuid16)
                  0000b2c0    0000002a     UDMACC26XX.obj (.text:UDMACC26XX_close)
                  0000b2ea    0000002a     ICallBleAPI.obj (.text:matchProfileCS)
                  0000b314    0000002a     rtsv7M3_T_le_eabi.lib : xdclass.obj (.text)
                  0000b33e    00000028     gattservapp_util.obj (.text:GATTServApp_WriteCharCfg)
                  0000b366    00000002     --HOLE-- [fill = 0]
                  0000b368    00000028     ICallBleAPI.obj (.text:ICall_allocMsg)
                  0000b390    00000028     ICallBleAPI.obj (.text:ICall_getEntityId)
                  0000b3b8    00000028     driverlib.lib : aon_rtc.obj (.text:NOROM_AONRTCCurrentCompareValueGet)
                  0000b3e0    00000028     PINCC26XX.obj (.text:PINCC26XX_setMux)
                  0000b408    00000028     SensorTag_Bar.obj (.text:SensorTagBar_reset)
                  0000b430    00000028     gattservapp_util.obj (.text:gattServApp_FindCharCfgItem)
                  0000b458    00000028     sensor_bmp280.obj (.text:sensorBmp280Enable)
                  0000b480    00000028     sensor_mpu9250.obj (.text:sensorMpu9250PowerOff)
                  0000b4a8    00000028     appBLE_pem3.oem3 (.text:ti_sysbios_family_arm_cc26xx_Power_isDependencyActive)
                  0000b4d0    00000028     sysbios.aem3 : mangled__BIOS_lib.obj (.text:ti_sysbios_family_arm_cc26xx_Timer_getMaxTicks__E)
                  0000b4f8    00000026     driverlib.lib : osc.obj (.text:NOROM_OSCClockSourceGet)
                  0000b51e    00000002     --HOLE-- [fill = 0]
                  0000b520    00000024     ICallBleAPI.obj (.text:GATT_bm_alloc)
                  0000b544    00000024     SensorTag_Hum.obj (.text:SensorTagHum_reset)
                  0000b568    00000024     SensorTag_IO.obj (.text:SensorTagIO_init)
                  0000b58c    00000024     SensorTag_Opt.obj (.text:SensorTagOpt_processSensorEvent)
                  0000b5b0    00000024     SensorTag_Tmp.obj (.text:SensorTagTmp_reset)
                  0000b5d4    00000024     sensor_hdc1000.obj (.text:sensorHdc1000Start)
                  0000b5f8    00000024     appBLE_pem3.oem3 (.text:ti_sysbios_BIOS_registerRTSLock__I)
                  0000b61c    00000024     appBLE_pem3.oem3 (.text:ti_sysbios_BIOS_removeRTSLock__I)
                  0000b640    00000024     appBLE_pem3.oem3 (.text:ti_sysbios_BIOS_startFunc__I)
                  0000b664    00000008     (.tramp.xdc_runtime_System_atexit__E.1)
                  0000b66c    00000008     (.tramp.ti_sysbios_family_arm_cc26xx_Timer_startup__E.1)
                  0000b674    00000008     (.tramp.ti_sysbios_hal_Hwi_startup__E.1)
                  0000b67c    00000008     (.tramp.ti_sysbios_knl_Swi_startup__E.1)
                  0000b684    00000008     (.tramp.ti_sysbios_knl_Task_startup__E.1)
                  0000b68c    00000024     sysbios.aem3 : mangled__BIOS_lib.obj (.text:ti_sysbios_family_arm_cc26xx_Timer_dynamicStub__E)
                  0000b6b0    00000022     rtsv7M3_T_le_eabi.lib : frexp.obj (.text)
                  0000b6d2    00000002     --HOLE-- [fill = 0]
                  0000b6d4    00000020     peripheral.obj (.text:GAPRole_TerminateConnection)
                  0000b6f4    00000020     context.obj (.text:GrContextInit)
                  0000b714    00000020     util.obj (.text:ICall_free)
                  0000b734    00000020     ICallBleAPI.obj (.text:ICall_freeMsg)
                  0000b754    00000020     ioservice.obj (.text:Io_getParameter)
                  0000b774    00000020     SensorTag_Mov.obj (.text:SensorTagMov_processInterrupt)
                  0000b794    00000020     SensorTag_Opt.obj (.text:SensorTagOpt_clockHandler)
                  0000b7b4    00000020     util.obj (.text:Util_dequeueMsg)
                  0000b7d4    00000008     (.tramp.ti_sysbios_knl_Queue_dequeue__E.1)
                  0000b7dc    00000020     SensorTag_Mov.obj (.text:initCharacteristicValue)
                  0000b7fc    00000020     appBLE_pem3.oem3 (.text:ti_sysbios_BIOS_rtsLock__I)
                  0000b81c    00000008     (.tramp.ti_sysbios_BIOS_RtsGateProxy_enter__E.1)
                  0000b824    00000020     sysbios.aem3 : mangled__BIOS_lib.obj (.text:ti_sysbios_family_arm_cc26xx_TimestampProvider_get32__E)
                  0000b844    00000020     SensorTag_IO.obj (.text:timerIsr)
                  0000b864    0000001e     ICallBleAPI.obj (.text:GATT_Notification)
                  0000b882    0000001e     ICall.obj (.text:ICall_primSendServiceMsg)
                  0000b8a0    0000001e     PINCC26XX.obj (.text:PIN_close)
                  0000b8be    0000001e     sensor.obj (.text:convertToLe)
                  0000b8dc    0000001d     devpk_lcd.obj (.text:devpkLcdClearLine)
                  0000b8f9    00000003     --HOLE-- [fill = 0]
                  0000b8fc    0000001c     barometerservice.obj (.text:Barometer_registerAppCBs)
                  0000b918    0000001c     displayservice.obj (.text:Display_registerAppCBs)
                  0000b934    0000001c     gattservapp_util.obj (.text:GATTServApp_FindAttr)
                  0000b950    0000001c     ICallBleAPI.obj (.text:GATT_bm_free)
                  0000b96c    0000001c     humidityservice.obj (.text:Humidity_registerAppCBs)
                  0000b988    0000001c     ICall.obj (.text:ICall_enterCSImpl)
                  0000b9a4    0000001c     ICall.obj (.text:ICall_primService)
                  0000b9c0    0000001c     irtempservice.obj (.text:IRTemp_registerAppCBs)
                  0000b9dc    0000001c     movementservice.obj (.text:Movement_registerAppCBs)
                  0000b9f8    0000001c     opticservice.obj (.text:Optic_registerAppCBs)
                  0000ba14    0000001c     PINCC26XX.obj (.text:PINCC26XX_setIoCfgMux)
                  0000ba30    0000001c     ICallBleAPI.obj (.text:getStatusValueFromErrNo)
                  0000ba4c    0000001c     sysbios.aem3 : mangled__BIOS_lib.obj (.text:ti_sysbios_family_arm_cc26xx_Power_unregisterNotify__E)
                  0000ba68    0000001a     string.obj (.text:NumLeadingZeros)
                  0000ba82    0000001a     ICallBleAPI.obj (.text:matchGattIndNotiCS)
                  0000ba9c    0000001a     rtsv7M3_T_le_eabi.lib : memccpy.obj (.text)
                  0000bab6    00000018     driverlib.lib : chipinfo.obj (.text:ChipInfo_GetPackageType)
                  0000bace    00000002     --HOLE-- [fill = 0]
                  0000bad0    00000018     displayservice.obj (.text:Display_addService)
                  0000bae8    00000018     I2C.obj (.text:I2C_open)
                  0000bb00    00000018     ICallCC2650.obj (.text:ICallPlatform_pwrDispense)
                  0000bb18    00000018     ICallCC2650.obj (.text:ICallPlatform_pwrRequire)
                  0000bb30    00000018     ICall.obj (.text:ICall_primMalloc)
                  0000bb48    00000018     ioservice.obj (.text:Io_registerAppCBs)
                  0000bb60    00000018     PINCC26XX.obj (.text:PIN_getConfig)
                  0000bb78    00000018     SPI.obj (.text:SPI_open)
                  0000bb90    00000018     SensorTag_Keys.obj (.text:SensorTagKeys_reset)
                  0000bba8    00000018     SensorTag_Mov.obj (.text:SensorTagMov_clockHandler)
                  0000bbc0    00000018     SensorTag.obj (.text:SensorTag_callback)
                  0000bbd8    00000018     devpk_lcd.obj (.text:devpkLcdSelect)
                  0000bbf0    00000018     peripheral.obj (.text:gapRole_setEvent)
                  0000bc08    00000018     SensorTag_Bar.obj (.text:initCharacteristicValue)
                  0000bc20    00000018     SensorTag_Hum.obj (.text:initCharacteristicValue)
                  0000bc38    00000018     SensorTag_Opt.obj (.text:initCharacteristicValue)
                  0000bc50    00000018     SensorTag_Tmp.obj (.text:initCharacteristicValue)
                  0000bc68    00000018     Sharp96x96.obj (.text:reverse)
                  0000bc80    00000018     rtsv7M3_T_le_eabi.lib : args_main.obj (.text)
                  0000bc98    00000018                           : ll_mul_t2.obj (.text)
                  0000bcb0    00000018     SensorTag.obj (.text:sensorTag_updateAdvertisingData)
                  0000bcc8    00000018     appBLE_pem3.oem3 (.text:ti_sysbios_BIOS_rtsUnlock__I)
                  0000bce0    00000008     (.tramp.ti_sysbios_BIOS_RtsGateProxy_leave__E.1)
                  0000bce8    00000018     appBLE_pem3.oem3 (.text:ti_sysbios_family_arm_cc26xx_Power_RFCORECLKS)
                  0000bd00    00000018     sysbios.aem3 : mangled__BIOS_lib.obj (.text:ti_sysbios_family_arm_cc26xx_Timer_getCount64__E)
                  0000bd18    00000018     appBLE_pem3.oem3 (.text:ti_sysbios_rom_cortexm_cc26xx_CC26xx_checkRevision__E)
                  0000bd30    00000016     ICall.obj (.text:ICall_leaveCSImpl)
                  0000bd46    00000016     ICall.obj (.text:ICall_primStopTimer)
                  0000bd5c    00000016     rtsv7M3_T_le_eabi.lib : strchr.obj (.text)
                  0000bd72    00000016     sensor.obj (.text:sensorReadReg)
                  0000bd88    00000016     ICallBleAPI.obj (.text:setICallCmdEvtHdr)
                  0000bd9e    00000016     appBLE_pem3.oem3 (.text:ti_sysbios_BIOS_exitFunc__I)
                  0000bdb4    00000014     devinfoservice.obj (.text:DevInfo_AddService)
                  0000bdc8    00000014     ICallBleAPI.obj (.text:GGS_SetParameter)
                  0000bddc    00000014     I2CCC26XX.obj (.text:I2CCC26XX_init)
                  0000bdf0    00000014     ICallCC2650.obj (.text:ICallPlatform_pwrIsStableXOSCHF)
                  0000be04    00000014     PINCC26XX.obj (.text:PINCC26XX_getInputValue)
                  0000be18    00000014     PINCC26XX.obj (.text:PINCC26XX_getOutputValue)
                  0000be2c    00000014     SPICC26XXDMA.obj (.text:SPICC26XXDMA_init)
                  0000be40    00000014     SPI.obj (.text:SPI_Params_init)
                  0000be54    00000014     SensorTag.obj (.text:SensorTag_clockHandler)
                  0000be68    00000014     Sharp96x96.obj (.text:Sharp96x96_InitializeDisplayBuffer)
                  0000be7c    00000014     driverlib.lib : chipinfo.obj (.text:ThisCodeIsBuiltForCC26xxHwRev22AndLater_HaltIfViolated)
                  0000be90    00000014     bsp_spi.obj (.text:bspSpiFlush)
                  0000bea4    00000014     rtsv7M3_T_le_eabi.lib : _lock.obj (.text)
                  0000beb8    00000014                           : strlen.obj (.text)
                  0000becc    00000014     sensor_mpu9250.obj (.text:sensorMpu9250PowerIsOn)
                  0000bee0    00000014     sensor_mpu9250.obj (.text:sensorMpu9250_Callback)
                  0000bef4    00000014     appBLE_pem3.oem3 (.text:ti_sysbios_knl_Clock_doTick__I)
                  0000bf08    00000008     (.tramp.ti_sysbios_knl_Clock_logTick__E.1)
                  0000bf10    00000008     (.tramp.ti_sysbios_knl_Swi_post__E.1)
                  0000bf18    00000012     ICallCC2650.obj (.text:ICallPlatform_pwrGetXOSCStartupTime)
                  0000bf2a    00000012     ext_flash.obj (.text:extFlashTest)
                  0000bf3c    00000012     sensor.obj (.text:sensorSetErrorData)
                  0000bf4e    00000012     appBLE_pem3.oem3 (.text:xdc_runtime_Startup_exec__I)
                  0000bf60    00000008     (.tramp.xdc_runtime_Startup_startMods__I.1)
                  0000bf68    00000010     ICallBleAPI.obj (.text:GAP_EndDiscoverable)
                  0000bf78    00000010     ICallBleAPI.obj (.text:GAP_UpdateLinkParamReq)
                  0000bf88    00000010     gattservapp_util.obj (.text:GATTServApp_ReadCharCfg)
                  0000bf98    00000010     I2C.obj (.text:I2C_Params_init)
                  0000bfa8    00000010     ICallCC2650.obj (.text:ICallPlatform_pwrGetTransitionState)
                  0000bfb8    00000010     ICall.obj (.text:ICall_primGetTickPeriod)
                  0000bfc8    00000010     ICall.obj (.text:ICall_primGetTicks)
                  0000bfd8    00000010     ICall.obj (.text:ICall_taskEntry)
                  0000bfe8    00000010     SensorTag_Keys.obj (.text:SensorTagKeys_init)
                  0000bff8    00000010     util.obj (.text:Util_isActive)
                  0000c008    00000010     bsp_i2c.obj (.text:bspI2cWriteSingle)
                  0000c018    00000010     ext_flash.obj (.text:extFlashDeselect)
                  0000c028    00000010     ext_flash.obj (.text:extFlashSelect)
                  0000c038    00000010     I2CCC26XX.obj (.text:i2cPostNotify)
                  0000c048    0000000e     ICall.obj (.text:ICall_primDisableMInt)
                  0000c056    0000000e     ICall.obj (.text:ICall_primEnableMInt)
                  0000c064    00000008     (.tramp.ti_sysbios_family_arm_m3_Hwi_enableFxn__E.1)
                  0000c06c    00000008     (.tramp.ti_sysbios_knl_Task_enable__E.1)
                  0000c074    0000000e     ICall.obj (.text:ICall_primFreeMsg)
                  0000c082    0000000e     driverlib.lib : vims.obj (.text:NOROM_VIMSModeGet)
                  0000c090    0000000e     util.obj (.text:Util_constructQueue)
                  0000c09e    00000002     --HOLE-- [fill = 0]
                  0000c0a0    00000008     (.tramp.ti_sysbios_knl_Queue_construct.1)
                  0000c0a8    0000000e     rtsv7M3_T_le_eabi.lib : copy_decompress_none.obj (.text:decompress:none)
                  0000c0b6    0000000e     ICallBleAPI.obj (.text:matchGSARegisterServiceCS)
                  0000c0c4    0000000e     ICallBleAPI.obj (.text:matchGapLinkEstCS)
                  0000c0d2    0000000e     ICallBleAPI.obj (.text:matchLinkDBNumConnsCS)
                  0000c0e0    0000000e     ICallBleAPI.obj (.text:setDispatchCmdEvtHdr)
                  0000c0ee    00000002     --HOLE-- [fill = 0]
                  0000c0f0    0000000c     ICallBleAPI.obj (.text:GAP_MakeDiscoverable)
                  0000c0fc    0000000c     ICallBleAPI.obj (.text:GAP_TerminateAuth)
                  0000c108    0000000c     ICallBleAPI.obj (.text:GATT_Indication)
                  0000c114    0000000c     ICall.obj (.text:ICall_primDisableInt)
                  0000c120    00000008     (.tramp.ti_sysbios_hal_Hwi_disableInterrupt__E.1)
                  0000c128    0000000c     ICall.obj (.text:ICall_primE2S)
                  0000c134    0000000c     ICall.obj (.text:ICall_primEnableInt)
                  0000c140    00000008     (.tramp.ti_sysbios_hal_Hwi_enableInterrupt__E.1)
                  0000c148    0000000c     ICall.obj (.text:ICall_primFree)
                  0000c154    0000000c     ICall.obj (.text:ICall_primSignal)
                  0000c160    0000000c     driverlib.lib : cpu.obj (.text:NOROM_CPUcpsid)
                  0000c16c    0000000c                   : cpu.obj (.text:NOROM_CPUcpsie)
                  0000c178    0000000c     PINCC26XX.obj (.text:PIN_registerIntCb)
                  0000c184    0000000c     bsp_i2c.obj (.text:bspI2cDeselect)
                  0000c190    0000000c     rtsv7M3_T_le_eabi.lib : copy_zero_init.obj (.text:decompress:ZI)
                  0000c19c    0000000c     ICallBleAPI.obj (.text:matchProfileSetParamCS)
                  0000c1a8    0000000c     sensor_mpu9250.obj (.text:sensorMpu9250RegisterCallback)
                  0000c1b4    0000000c     sensor_opt3001.obj (.text:sensorOpt3001Init)
                  0000c1c0    0000000c     sensor.obj (.text:sensorTestResult)
                  0000c1cc    0000000c     SPICC26XXDMA.obj (.text:spiPostNotify)
                  0000c1d8    0000000c     sysbios.aem3 : mangled__BIOS_lib.obj (.text:ti_sysbios_BIOS_getThreadType__E)
                  0000c1e4    0000000c                  : mangled__BIOS_lib.obj (.text:ti_sysbios_family_arm_cc26xx_Power_getDependencyCount__E)
                  0000c1f0    0000000c                  : mangled__BIOS_lib.obj (.text:ti_sysbios_family_arm_cc26xx_Power_getTransitionState__E)
                  0000c1fc    0000000c                  : mangled__BIOS_lib.obj (.text:ti_sysbios_hal_Hwi_Params__init__S)
                  0000c208    00000008     (.tramp.xdc_runtime_Core_assignParams__I.1)
                  0000c210    0000000c     appBLE_pem3.oem3 (.text:xdc_runtime_Startup_reset__I)
                  0000c21c    0000000a     I2C.obj (.text:I2C_close)
                  0000c226    0000000a     I2C.obj (.text:I2C_transfer)
                  0000c230    0000000a     ICallCC2650.obj (.text:ICallPlatform_pwrSwitchXOSCHF)
                  0000c23a    0000000a     ICall.obj (.text:ICall_clockFunc)
                  0000c244    0000000a     SPI.obj (.text:SPI_close)
                  0000c24e    0000000a     SPI.obj (.text:SPI_transfer)
                  0000c258    0000000a     Sharp96x96.obj (.text:Sharp96x96_ColorTranslate)
                  0000c262    0000000a     UDMACC26XX.obj (.text:UDMACC26XX_hwiIntFxn)
                  0000c26c    00000008     I2CCC26XX.obj (.text:I2CCC26XX_blockingCallback)
                  0000c274    00000008     SPICC26XXDMA.obj (.text:SPICC26XXDMA_transferCallback)
                  0000c27c    00000008     SensorTag_Display.obj (.text:displayChangeCB)
                  0000c284    00000008     SensorTag_IO.obj (.text:ioChangeCB)
                  0000c28c    00000008     SensorTag_Mov.obj (.text:sensorChangeCB)
                  0000c294    00000008     SensorTag_Bar.obj (.text:sensorConfigChangeCB)
                  0000c29c    00000008     SensorTag_Hum.obj (.text:sensorConfigChangeCB)
                  0000c2a4    00000008     SensorTag_Opt.obj (.text:sensorConfigChangeCB)
                  0000c2ac    00000008     SensorTag_Tmp.obj (.text:sensorConfigChangeCB)
                  0000c2b4    00000006     ICallBleAPI.obj (.text:GATTServApp_AddService)
                  0000c2ba    00000006     ICallBleAPI.obj (.text:GGS_AddService)
                  0000c2c0    00000006     I2CCC26XX.obj (.text:I2CCC26XX_control)
                  0000c2c6    00000006     ICall.obj (.text:ICall_mallocImpl)
                  0000c2cc    00000006     driverlib.lib : cpu.obj (.text:NOROM_CPUdelay)
                  0000c2d2    00000006     sysbios.aem3 : mangled__BIOS_lib.obj (.text:__xdc__init)
                  0000c2d8    00000006     rtsv7M3_T_le_eabi.lib : copy_decompress_rle.obj (.text:decompress:rle24)
                  0000c2de    00000006     ICallBleAPI.obj (.text:matchGGSSetParamCS)
                  0000c2e4    00000006     ICallBleAPI.obj (.text:matchGapDeviceInitCS)
                  0000c2ea    00000006     ICallBleAPI.obj (.text:matchGapEndDiscoverableCS)
                  0000c2f0    00000006     ICallBleAPI.obj (.text:matchGapGetParamCS)
                  0000c2f6    00000006     ICallBleAPI.obj (.text:matchGapMakeDiscoverableCS)
                  0000c2fc    00000006     ICallBleAPI.obj (.text:matchGapSetParamCS)
                  0000c302    00000006     ICallBleAPI.obj (.text:matchGapTerminateAuthCS)
                  0000c308    00000006     ICallBleAPI.obj (.text:matchGapTerminateLinkReqCS)
                  0000c30e    00000006     ICallBleAPI.obj (.text:matchGapUpdateAdvDataCS)
                  0000c314    00000006     ICallBleAPI.obj (.text:matchGapUpdateLinkParamReqCS)
                  0000c31a    00000006     ICallBleAPI.obj (.text:matchUtilNvReadCS)
                  0000c320    00000006     ICallBleAPI.obj (.text:matchUtilNvWriteCS)
                  0000c326    00000006     sensor_tmp007.obj (.text:sensorTmp007Init)
                  0000c32c    00000004     ICall.obj (.text:ICall_primAbort)
                  0000c330    00000004     util.obj (.text:Util_startClock)
                  0000c334    00000004     util.obj (.text:Util_stopClock)
                  0000c338    00000004     appBLE_pem3.oem3 (.text:ti_sysbios_family_arm_cc26xx_Power_NOP)
                  0000c33c    00000004     sysbios.aem3 : mangled__BIOS_lib.obj (.text:ti_sysbios_knl_Clock_isActive__E)
                  0000c340    00000004                  : mangled__BIOS_lib.obj (.text:ti_sysbios_knl_Clock_setPeriod__E)
                  0000c344    00000008     (.tramp.ti_sysbios_knl_Task_construct.1)
                  0000c34c    00000008     (.tramp.xdc_runtime_System_exit__E.1)
                  0000c354    00000008     (.tramp.ti_sysbios_knl_Clock_construct.1)
                  0000c35c    00000008     (.tramp.ti_sysbios_BIOS_getCpuFreq__E.1)
                  0000c364    00000008     (.tramp.ti_sysbios_knl_Semaphore_create.1)
                  0000c36c    00000008     (.tramp.ti_sysbios_knl_Task_exit__E.1)
                  0000c374    00000008     (.tramp.ti_sysbios_knl_Task_create.1)
                  0000c37c    00000008     (.tramp.ti_sysbios_knl_Task_Params__init__S.1)
                  0000c384    00000008     (.tramp.ti_sysbios_knl_Semaphore_destruct.1)
                  0000c38c    00000008     (.tramp.ti_sysbios_family_arm_m3_Hwi_destruct.1)
                  0000c394    00000008     (.tramp.ti_sysbios_knl_Clock_create.1)
                  0000c39c    00000008     (.tramp.ti_sysbios_knl_Clock_Params__init__S.1)
                  0000c3a4    00000008     (.tramp.ti_sysbios_knl_Queue_enqueue__E.1)
                  0000c3ac    00000008     (.tramp.ti_sysbios_knl_Queue_remove__E.1)
                  0000c3b4    00000008     (.tramp.ti_sysbios_knl_Clock_scheduleNextTick__E.1)
                  0000c3bc    00000008     (.tramp.ti_sysbios_knl_Clock_walkQueueDynamic__E.1)
                  0000c3c4    00000008     (.tramp.ti_sysbios_family_arm_m3_Hwi_enableInterrupt__E.1)
                  0000c3cc    00000008     (.tramp.ti_sysbios_family_arm_m3_Hwi_disableInterrupt__E.1)
                  0000c3d4    00000008     (.tramp.ti_sysbios_knl_Clock_stop__E.1)
                  0000c3dc    00000008     (.tramp.ti_sysbios_knl_Clock_start__E.1)
                  0000c3e4    00000008     (.tramp.ti_sysbios_knl_Clock_setTimeout__E.1)
                  0000c3ec    00000008     (.tramp.ti_sysbios_knl_Clock_TimerProxy_getCurrentTick__E.1)
                  0000c3f4    00000008     (.tramp.ti_sysbios_knl_Semaphore_post__E.1)
                  0000c3fc    00000008     (.tramp.ti_sysbios_knl_Clock_getTicks__E.1)
                  0000c404    00000008     (.tramp.ti_sysbios_knl_Task_self__E.1)
                  0000c40c    00000008     (.tramp.ti_sysbios_knl_Semaphore_pend__E.1)
                  0000c414    00000008     (.tramp.ti_sysbios_family_arm_m3_Hwi_restoreFxn__E.1)
                  0000c41c    00000008     (.tramp.ti_sysbios_family_arm_m3_Hwi_disableFxn__E.1)
                  0000c424    00000008     (.tramp.ti_sysbios_family_arm_m3_Hwi_construct.1)
                  0000c42c    00000008     (.tramp.ti_sysbios_family_arm_m3_Hwi_Params__init__S.1)
                  0000c434    00000008     (.tramp.ti_sysbios_knl_Semaphore_construct.1)
                  0000c43c    00000008     (.tramp.ti_sysbios_knl_Semaphore_Params__init__S.1)
                  0000c444    00000008     (.tramp.ti_sysbios_knl_Task_restore__E.1)
                  0000c44c    00000008     (.tramp.ti_sysbios_knl_Swi_restore__E.1)
                  0000c454    00000008     (.tramp.ti_sysbios_knl_Swi_disable__E.1)
                  0000c45c    00000008     (.tramp.ti_sysbios_knl_Queue_next__E.1)
                  0000c464    00000008     (.tramp.ti_sysbios_knl_Queue_head__E.1)
                  0000c46c    00000008     (.tramp.ti_sysbios_knl_Task_disable__E.1)
                  0000c474    00000008     (.tramp.ti_sysbios_knl_Queue_empty__E.1)
                  0000c47c    00000008     (.tramp.ti_sysbios_knl_Task_sleep__E.1)

.const     0    0000c484    00000b28     
                  0000c484    000002f8     fontfixed6x8.obj (.const:.string:g_pucFontFixed6x8Data)
                  0000c77c    00000101     rtsv7M3_T_le_eabi.lib : ctype.obj (.const:.string:_ctypes_)
                  0000c87d    00000002     bsp_i2c.obj (.const)
                  0000c87f    00000001     ICallCC2650.obj (.const)
                  0000c880    000000c8     fontfixed6x8.obj (.const:g_sFontFixed6x8)
                  0000c948    000000bc     ICall.obj (.const)
                  0000ca04    0000005c     SensorTag.obj (.const)
                  0000ca60    00000054     SPICC26XXDMA.obj (.const)
                  0000cab4    0000004c     appBLE_pem3.oem3 (.const:ti_sysbios_family_arm_cc26xx_Power_db)
                  0000cb00    00000048     appBLE_pem3.oem3 (.const:.string)
                  0000cb48    00000040     barometerservice.obj (.const:.string)
                  0000cb88    00000040     humidityservice.obj (.const:.string)
                  0000cbc8    00000040     irtempservice.obj (.const:.string)
                  0000cc08    00000040     movementservice.obj (.const:.string)
                  0000cc48    00000040     opticservice.obj (.const:.string)
                  0000cc88    00000030     displayservice.obj (.const:.string)
                  0000ccb8    00000030     ioservice.obj (.const:.string)
                  0000cce8    0000002c     Sharp96x96.obj (.const:g_sharp96x96LCD)
                  0000cd14    0000002c     gatt_uuid.obj (.const)
                  0000cd40    00000028     Board.obj (.const:spiCC26XXDMAHWAttrs)
                  0000cd68    00000028     appBLE_pem3.oem3 (.const:xdc_runtime_Startup_sfxnTab__A)
                  0000cd90    00000027     bleUserConfig.obj (.const:txPowerTable)
                  0000cdb7    00000001     appBLE_pem3.oem3 (.const:xdc_runtime_Text_charTab__A)
                  0000cdb8    00000024     Board.obj (.const:SPI_config)
                  0000cddc    00000020     SPI.obj (.const)
                  0000cdfc    0000001c     I2CCC26XX.obj (.const)
                  0000ce18    00000018     Board.obj (.const:I2C_config)
                  0000ce30    00000014     devinfoservice.obj (.const:.string)
                  0000ce44    00000014     barometerservice.obj (.const)
                  0000ce58    00000014     devinfoservice.obj (.const)
                  0000ce6c    00000014     displayservice.obj (.const)
                  0000ce80    00000014     humidityservice.obj (.const)
                  0000ce94    00000014     ioservice.obj (.const)
                  0000cea8    00000014     irtempservice.obj (.const)
                  0000cebc    00000014     movementservice.obj (.const)
                  0000ced0    00000014     opticservice.obj (.const)
                  0000cee4    00000014     simplekeys.obj (.const)
                  0000cef8    00000014     appBLE_pem3.oem3 (.const:xdc_runtime_Startup_sfxnRts__A)
                  0000cf0c    00000011     util.obj (.const:.string)
                  0000cf1d    00000010     Sharp96x96.obj (.const:.string)
                  0000cf2d    00000003     --HOLE-- [fill = 0]
                  0000cf30    00000010     I2C.obj (.const)
                  0000cf40    00000010     Board.obj (.const:UDMACC26XX_config)
                  0000cf50    00000010     Board.obj (.const:i2cCC26xxHWAttrs)
                  0000cf60    0000000c     appBLE_pem3.oem3 (.const:xdc_runtime_Startup_firstFxns__A)
                  0000cf6c    00000008     ext_flash.obj (.const)
                  0000cf74    00000008     Board.obj (.const:udmaHWAttrs)
                  0000cf7c    00000006     bleUserConfig.obj (.const)
                  0000cf82    00000004     simplekeys.obj (.const:.string)
                  0000cf86    00000002     --HOLE-- [fill = 0]
                  0000cf88    00000004     appBLE_pem3.oem3 (.const:ti_sysbios_family_arm_cc26xx_Power_Module_State_clockObj__O)
                  0000cf8c    00000004     appBLE_pem3.oem3 (.const:ti_sysbios_family_arm_cc26xx_Power_Module_State_lfClockObj__O)
                  0000cf90    00000004     appBLE_pem3.oem3 (.const:ti_sysbios_family_arm_cc26xx_Power_Module_State_notifyQ__O)
                  0000cf94    00000004     appBLE_pem3.oem3 (.const:ti_sysbios_family_arm_cc26xx_Power_notifyTrapFunc__C)
                  0000cf98    00000004     appBLE_pem3.oem3 (.const:ti_sysbios_family_arm_cc26xx_Power_totalTicksSTANDBY__C)
                  0000cf9c    00000004     appBLE_pem3.oem3 (.const:ti_sysbios_family_arm_cc26xx_Power_wakeDelaySTANDBY__C)
                  0000cfa0    00000004     appBLE_pem3.oem3 (.const:ti_sysbios_family_arm_m3_Hwi_disablePriority__C)
                  0000cfa4    00000004     appBLE_pem3.oem3 (.const:ti_sysbios_knl_Clock_tickPeriod__C)
                  0000cfa8    00000004     appBLE_pem3.oem3 (.const:ti_sysbios_knl_Idle_funcList__A)

.cinit     0    0000cfb0    00000b40     
                  0000cfb0    00000967     (.cinit..data.load) [load image, compression = rle]
                  0000d917    00000001     --HOLE-- [fill = 0]
                  0000d918    0000002d     (.cinit..data:ti_sysbios_family_arm_m3_Hwi_Module__state__V.load) [load image, compression = rle]
                  0000d945    00000003     --HOLE-- [fill = 0]
                  0000d948    0000002c     (.cinit..data:ti_sysbios_knl_Task_Module__state__V.load) [load image, compression = rle]
                  0000d974    00000004     --HOLE-- [fill = 0]
                  0000d978    00000021     (.cinit..data:ti_sysbios_knl_Clock_Module__state__V.load) [load image, compression = rle]
                  0000d999    00000007     --HOLE-- [fill = 0]
                  0000d9a0    0000001f     (.cinit..data:ti_sysbios_BIOS_Module__state__V.load) [load image, compression = rle]
                  0000d9bf    00000001     --HOLE-- [fill = 0]
                  0000d9c0    00000011     (.cinit..data:ti_sysbios_knl_Swi_Module__state__V.load) [load image, compression = rle]
                  0000d9d1    00000007     --HOLE-- [fill = 0]
                  0000d9d8    0000000d     (.cinit..data:ti_sysbios_family_arm_cc26xx_Timer_Module__state__V.load) [load image, compression = rle]
                  0000d9e5    00000003     --HOLE-- [fill = 0]
                  0000d9e8    0000000c     (__TI_handler_table)
                  0000d9f4    00000004     --HOLE-- [fill = 0]
                  0000d9f8    0000000a     (.cinit..data:xdc_runtime_Memory_Module__state__V.load) [load image, compression = rle]
                  0000da02    00000006     --HOLE-- [fill = 0]
                  0000da08    00000009     (.cinit..data:ti_sysbios_family_arm_cc26xx_TimestampProvider_Module__state__V.load) [load image, compression = rle]
                  0000da11    00000007     --HOLE-- [fill = 0]
                  0000da18    00000009     (.cinit..data:xdc_runtime_Startup_Module__state__V.load) [load image, compression = rle]
                  0000da21    00000007     --HOLE-- [fill = 0]
                  0000da28    00000009     (.cinit..data:xdc_runtime_System_Module__state__V.load) [load image, compression = rle]
                  0000da31    00000007     --HOLE-- [fill = 0]
                  0000da38    00000008     (.cinit..TI.bound:dmaRxControlTableEntry0.load) [load image, compression = zero_init]
                  0000da40    00000008     (.cinit..TI.bound:dmaRxControlTableEntry1.load) [load image, compression = zero_init]
                  0000da48    00000008     (.cinit..TI.bound:dmaTxControlTableEntry0.load) [load image, compression = zero_init]
                  0000da50    00000008     (.cinit..TI.bound:dmaTxControlTableEntry1.load) [load image, compression = zero_init]
                  0000da58    00000008     (.cinit..bss.load) [load image, compression = zero_init]
                  0000da60    00000008     (.cinit..vecs.load) [load image, compression = zero_init]
                  0000da68    00000088     (__TI_cinit_table)

.init_array 
*          0    00000000    00000000     UNINITIALIZED

.resetVecs 
*          0    00000000    0000003c     
                  00000000    0000003c     appBLE_pem3.oem3 (.resetVecs)

.ccfg      0    0000003c    00000058     
                  0000003c    00000058     ccfg_appBLE.obj (.ccfg:retain)

.const:ti_sysbios_knl_Task_Object__PARAMS__C 
*          0    00000100    0000003c     
                  00000100    0000003c     appBLE_pem3.oem3 (.const:ti_sysbios_knl_Task_Object__PARAMS__C)

.const:ti_sysbios_knl_Mailbox_Object__PARAMS__C 
*          0    0000013c    00000034     
                  0000013c    00000034     appBLE_pem3.oem3 (.const:ti_sysbios_knl_Mailbox_Object__PARAMS__C)

.const:ti_sysbios_family_arm_m3_Hwi_Object__PARAMS__C 
*          0    00000170    00000030     
                  00000170    00000030     appBLE_pem3.oem3 (.const:ti_sysbios_family_arm_m3_Hwi_Object__PARAMS__C)

.const:ti_sysbios_hal_Hwi_Object__PARAMS__C 
*          0    000001a0    0000002c     
                  000001a0    0000002c     appBLE_pem3.oem3 (.const:ti_sysbios_hal_Hwi_Object__PARAMS__C)

.const:ti_sysbios_heaps_HeapMem_Module__FXNS__C 
*          0    000001cc    00000028     
                  000001cc    00000028     appBLE_pem3.oem3 (.const:ti_sysbios_heaps_HeapMem_Module__FXNS__C)

.const:ti_sysbios_knl_Swi_Object__PARAMS__C 
*          0    000001f4    00000028     
[...]
1001c271  ti_sysbios_gates_GateMutex_destruct                                       
1001c275  ti_sysbios_BIOS_RtsGateProxy_query__E                                     
1001c275  ti_sysbios_gates_GateMutex_query__E                                       
1001c275  ti_sysbios_heaps_HeapMem_Module_GateProxy_query__E                        
1001c279  ti_sysbios_hal_Hwi_HwiProxy_Module__startupDone__S                        
1001c27d  ti_sysbios_hal_Hwi_HwiProxy_delete                                        
1001c281  ti_sysbios_hal_Hwi_HwiProxy_disableInterrupt__E                           
1001c281  ti_sysbios_hal_Hwi_disableInterrupt__E                                    
1001c285  ti_sysbios_hal_Hwi_HwiProxy_enableInterrupt__E                            
1001c285  ti_sysbios_hal_Hwi_enableInterrupt__E                                     
1001c289  ti_sysbios_hal_Hwi_HwiProxy_getStackInfo__E                               
1001c289  ti_sysbios_hal_Hwi_getStackInfo__E                                        
1001c28d  ti_sysbios_hal_Hwi_HwiProxy_startup__E                                    
1001c28d  ti_sysbios_hal_Hwi_startup__E                                             
1001c291  ti_sysbios_hal_Hwi_HwiProxy_switchFromBootStack__E                        
1001c295  ti_sysbios_hal_Hwi_delete                                                 
1001c299  ti_sysbios_hal_Hwi_switchFromBootStack__E                                 
1001c29d  ti_sysbios_heaps_HeapMem_Module_GateProxy_enter__E                        
1001c2a1  ti_sysbios_heaps_HeapMem_Module_GateProxy_leave__E                        
1001c2a5  ti_sysbios_heaps_HeapMem_isBlocking__E                                    
1001c2a9  ti_sysbios_knl_Clock_TimerProxy_Module__startupDone__S                    
1001c2ad  ti_sysbios_knl_Clock_TimerProxy_getExpiredTicks__E                        
1001c2b1  ti_sysbios_knl_Clock_TimerProxy_getPeriod__E                              
1001c2b5  ti_sysbios_knl_Clock_delete                                               
1001c2b9  ti_sysbios_knl_Clock_destruct                                             
1001c2bd  ti_sysbios_knl_Clock_removeI__E                                           
1001c2c1  ti_sysbios_knl_Clock_setTimeout__E                                        
1001c2c5  ti_sysbios_knl_Mailbox_delete                                             
1001c2c9  ti_sysbios_knl_Mailbox_destruct                                           
1001c2cd  ti_sysbios_knl_Queue_delete                                               
1001c2d1  ti_sysbios_knl_Queue_destruct                                             
1001c2d5  ti_sysbios_knl_Queue_head__E                                              
1001c2d9  ti_sysbios_knl_Queue_next__E                                              
1001c2dd  ti_sysbios_knl_Semaphore_delete                                           
1001c2e1  ti_sysbios_knl_Semaphore_destruct                                         
1001c2e5  ti_sysbios_knl_Swi_delete                                                 
1001c2e9  ti_sysbios_knl_Swi_destruct                                               
1001c2ed  ti_sysbios_knl_Swi_postInit__I                                            
1001c2f1  ti_sysbios_knl_Task_SupportProxy_Module__startupDone__S                   
1001c2f5  ti_sysbios_knl_Task_SupportProxy_getStackAlignment__E                     
1001c2f9  ti_sysbios_knl_Task_SupportProxy_start__E                                 
1001c2fd  ti_sysbios_knl_Task_SupportProxy_swap__E                                  
1001c301  ti_sysbios_knl_Task_delete                                                
1001c305  ti_sysbios_knl_Task_destruct                                              
1001c309  ti_sysbios_knl_Task_startup__E                                            
1001c30d  xdc_runtime_Startup_startMods__I                                          
1001c405  xdc_runtime_Core_createObject__I                                          
1001c487  xdc_runtime_Error_policySpin__E                                           
1001c489  xdc_runtime_Memory_alloc__E                                               
1001c4f9  xdc_runtime_Core_deleteObject__I                                          
1001c559  xdc_runtime_Startup_exec__E                                               
1001c5a9  xdc_runtime_Assert_raise__I                                               
1001c5f1  xdc_runtime_Core_assignParams__I                                          
1001c639  xdc_runtime_Core_constructObject__I                                       
1001c681  xdc_runtime_System_atexit__E                                              
1001c6b9  xdc_runtime_System_processAtExit__E                                       
1001c6ed  xdc_runtime_Core_assignLabel__I                                           
1001c71d  xdc_runtime_Text_cordText__E                                              
1001c749  xdc_runtime_System_abort__E                                               
1001c769  xdc_runtime_Error_raiseX__E                                               
1001c785  xdc_runtime_Memory_valloc__E                                              
1001c7a1  xdc_runtime_Core_destructObject__I                                        
1001c7b9  xdc_runtime_Error_check__E                                                
1001c7d1  xdc_runtime_System_exit__E                                                
1001c7e9  xdc_runtime_Text_ropeText__E                                              
1001c801  xdc_runtime_Memory_free__E                                                
1001c811  xdc_runtime_SysCallback_abort__E                                          
1001c821  xdc_runtime_SysCallback_exit__E                                           
1001c831  xdc_runtime_Timestamp_SupportProxy_get32__E                               
1001c831  xdc_runtime_Timestamp_get32__E                                            
1001c841  xdc_runtime_Error_init__E                                                 
1001c84d  xdc_runtime_Memory_calloc__E                                              
1001c859  xdc_runtime_Memory_getMaxDefaultTypeAlign__E                              
1001c879  xdc_runtime_Gate_leaveSystem__E                                           
1001c87f  xdc_runtime_System_Module_startup__E                                      
1001c885  xdc_runtime_Gate_enterSystem__E                                           
1001c889  xdc_runtime_Memory_HeapProxy_alloc__E                                     
1001c88d  xdc_runtime_Memory_HeapProxy_free__E                                      
1001c891  xdc_runtime_System_Module_GateProxy_enter__E                              
1001c895  xdc_runtime_System_Module_GateProxy_leave__E                              
1001c899  xdc_runtime_System_abortSpin__E                                           
1001c89b  xdc_runtime_System_exitSpin__E                                            
1001c89d  ti_sysbios_family_arm_m3_Hwi_dispatch__I                                  
1001c96d  ti_sysbios_family_arm_m3_TaskSupport_buildTaskStack                       
1001c9b9  ti_sysbios_family_arm_m3_Hwi_initStacks__E                                
1001ca01  ti_sysbios_family_arm_m3_Hwi_excHandlerAsm__I                             
1001ca21  ti_sysbios_family_xxx_Hwi_switchAndRunFunc                                
1001ca3f  ti_sysbios_family_arm_m3_Hwi_pendSV__I                                    
1001ca57  ti_sysbios_family_arm_m3_Hwi_return                                       
1001ca59  ti_sysbios_family_arm_m3_TaskSupport_glue                                 
1001ca69  ti_sysbios_family_arm_m3_TaskSupport_swap__E                              
1001ca71  ti_sysbios_knl_Task_swapReturn                                            
1001ca9b  ti_sysbios_rom_cortexm_cc26xx_CC26xx_getRevision__E                       
20000000  ti_sysbios_family_arm_m3_Hwi_ramVectors                                   
20000100  ti_sysbios_knl_Task_Module__state__V                                      
20000144  ti_sysbios_family_arm_m3_Hwi_Module__state__V                             
20000178  ti_sysbios_knl_Clock_Module__state__V                                     
200001a4  ti_sysbios_BIOS_Module__state__V                                          
200001c8  ti_sysbios_knl_Swi_Module__state__V                                       
200001e4  ti_sysbios_family_arm_cc26xx_Timer_Module__state__V                       
200001ec  ti_sysbios_family_arm_cc26xx_TimestampProvider_Module__state__V           
200001f0  xdc_runtime_Startup_Module__state__V                                      
200001f8  xdc_runtime_System_Module__state__V                                       
20000200  xdc_runtime_Memory_Module__state__V                                       
20000520  VCOMbit                                                                   
20000521  flagSendToggleVCOMCommand                                                 
20000522  DisplayBuffer                                                             
200009a4  gapProfileState                                                           
200009ac  sem                                                                       
200009b0  hGpioPin                                                                  
200009bc  pinGpioState                                                              
20000d4c  linkDBNumConns                                                            
20000e60  gapRoleTask                                                               
20000eb0  gapRoleTaskStack                                                          
20001ae4  ICall_enterCriticalSection                                                
20001ae8  ICall_leaveCriticalSection                                                
20001afc  ICall_dispatcher                                                          
20001be4  ti_sysbios_family_arm_cc26xx_Power_refCount                               
20001bf7  ti_sysbios_family_arm_cc26xx_Power_constraintCounts                       
20001bfc  ti_sysbios_family_arm_cc26xx_Power_resourceHandlers                       
20001c08  ti_sysbios_family_arm_cc26xx_Timer_Module__root__V                        
20001c10  ti_sysbios_family_arm_m3_Hwi_Module__root__V                              
20001c18  ti_sysbios_family_arm_m3_Hwi_Module_State_0_excActive__A                  
20001c1c  ti_sysbios_family_arm_m3_Hwi_Module_State_0_excContext__A                 
20001c20  ti_sysbios_family_arm_m3_Hwi_Module_State_0_excStack__A                   
20001c24  ti_sysbios_gates_GateHwi_Module__root__V                                  
20001c2c  ti_sysbios_gates_GateHwi_Object__table__V                                 
20001c30  ti_sysbios_gates_GateMutex_Module__root__V                                
20001c38  ti_sysbios_hal_Hwi_Module__root__V                                        
20001c40  ti_sysbios_heaps_HeapMem_Module__root__V                                  
20001c48  ti_sysbios_heaps_HeapMem_Object__table__V                                 
20001c60  ti_sysbios_knl_Clock_Module__root__V                                      
20001c68  ti_sysbios_knl_Event_Module__root__V                                      
20001c70  ti_sysbios_knl_Mailbox_Module__root__V                                    
20001c78  ti_sysbios_knl_Queue_Module__root__V                                      
20001c80  ti_sysbios_knl_Semaphore_Module__root__V                                  
20001c88  ti_sysbios_knl_Swi_Module__root__V                                        
20001c90  ti_sysbios_knl_Task_Module__root__V                                       
20001c98  ti_sysbios_knl_Task_Module_State_0_idleTask__A                            
20001c9c  __xdc__init__addr                                                         
200020d0  _Denorm                                                                   
200020e0  _Eps                                                                      
200020f0  _Hugeval                                                                  
20002100  _Inf                                                                      
20002110  _Nan                                                                      
20002120  _Snan                                                                     
20002130  _Rteps                                                                    
20002140  _Xbig                                                                     
20002148  _Zero                                                                     
20002150  ti_sysbios_family_arm_cc26xx_Power_Module__state__V                       
200022f8  BoardGpioInitTable                                                        
200023a0  TSK_idle                                                                  
200023a0  ti_sysbios_knl_Task_Object__table__V                                      
20002438  ti_sysbios_family_arm_cc26xx_Timer_Object__table__V                       
20002480  ti_sysbios_gates_GateMutex_Object__table__V                               
200024b8  rfRegTbl                                                                  
20002550  ti_sysbios_family_arm_m3_Hwi_Object__table__V                             
20002580  ti_sysbios_knl_Swi_Module_State_0_readyQ__A                               
200025b0  ti_sysbios_knl_Swi_Object__table__V                                       
200025e0  ti_sysbios_knl_Task_Module_State_0_readyQ__A                              
2000263c  user0Cfg                                                                  
200026a0  lastAppOpcodeSent                                                         
200026a4  pfnBMAlloc                                                                
200026a8  pfnBMFree                                                                 
200026bc  _lock                                                                     
200026c0  _unlock                                                                   
200026c4  __TI_cleanup_ptr                                                          
200026c8  __TI_dtors_ptr                                                            
200026cc  _Fenv                                                                     
200026d0  _Tls_setup__Fenv                                                          
200026d4  _Errno                                                                    
200026d8  main_func_sp                                                              
20003218  ti_sysbios_heaps_HeapMem_Instance_State_0_buf__A                          
20003898  ti_sysbios_knl_Task_Instance_State_0_stack__A                             
20003a98  spiCC26XXDMAObjects                                                       
20003be8  PIN_NumPins                                                               
20003c48  PIN_HandleTable                                                           
20003cc4  ti_sysbios_family_arm_m3_Hwi_dispatchTable                                
20003d8c  i2cCC26xxObjects                                                          
20003e7c  UdmaObjects                                                               
20003f00  driverlib_release_0_43243                                                 
2000405c  __stack                                                                   
2000445c  __STACK_END                                                               
2000445c  __STACK_TOP                                                               
e000e000  ti_sysbios_family_arm_m3_Hwi_nvic                                         
ffffffff  __binit__                                                                 
ffffffff  __c_args__                                                                
ffffffff  binit                                                                     
UNDEFED   SHT$$INIT_ARRAY$$Base                                                     
UNDEFED   SHT$$INIT_ARRAY$$Limit                                                    
UNDEFED   ti_sysbios_BIOS_RtsGateProxy_Handle__label__S__mangled__                  
UNDEFED   ti_sysbios_BIOS_RtsGateProxy_Object__delete__S__mangled__                 
UNDEFED   ti_sysbios_BIOS_RtsGateProxy_Params__init__S__mangled__                   
UNDEFED   ti_sysbios_BIOS_RtsGateProxy_query__E__mangled__                          
UNDEFED   ti_sysbios_hal_Hwi_HwiProxy_Module__startupDone__S__mangled__             
UNDEFED   ti_sysbios_hal_Hwi_HwiProxy_Object__delete__S__mangled__                  
UNDEFED   ti_sysbios_hal_Hwi_HwiProxy_Params__init__S__mangled__                    
UNDEFED   ti_sysbios_hal_Hwi_HwiProxy_disableInterrupt__E__mangled__                
UNDEFED   ti_sysbios_hal_Hwi_HwiProxy_enableInterrupt__E__mangled__                 
UNDEFED   ti_sysbios_hal_Hwi_HwiProxy_getStackInfo__E__mangled__                    
UNDEFED   ti_sysbios_hal_Hwi_HwiProxy_startup__E__mangled__                         
UNDEFED   ti_sysbios_hal_Hwi_HwiProxy_switchFromBootStack__E__mangled__             
UNDEFED   ti_sysbios_hal_Hwi_disableInterrupt__E__mangled__                         
UNDEFED   ti_sysbios_hal_Hwi_enableInterrupt__E__mangled__                          
UNDEFED   ti_sysbios_hal_Hwi_getStackInfo__E__mangled__                             
UNDEFED   ti_sysbios_hal_Hwi_startup__E__mangled__                                  
UNDEFED   ti_sysbios_hal_Hwi_switchFromBootStack__E__mangled__                      
UNDEFED   ti_sysbios_heaps_HeapMem_Module_GateProxy_Handle__label__S__mangled__     
UNDEFED   ti_sysbios_heaps_HeapMem_Module_GateProxy_Object__delete__S__mangled__    
UNDEFED   ti_sysbios_heaps_HeapMem_Module_GateProxy_Params__init__S__mangled__      
UNDEFED   ti_sysbios_heaps_HeapMem_Module_GateProxy_query__E__mangled__             
UNDEFED   ti_sysbios_knl_Clock_TimerProxy_Module__startupDone__S__mangled__         
UNDEFED   ti_sysbios_knl_Clock_TimerProxy_startup__E__mangled__                     
UNDEFED   ti_sysbios_knl_Task_SupportProxy_Module__startupDone__S__mangled__        
UNDEFED   ti_sysbios_knl_Task_SupportProxy_getStackAlignment__E__mangled__          
UNDEFED   ti_sysbios_knl_Task_SupportProxy_start__E__mangled__                      
UNDEFED   ti_sysbios_knl_Task_SupportProxy_swap__E__mangled__                       
UNDEFED   xdc_runtime_Main_Module_GateProxy_Handle__label__S                        
UNDEFED   xdc_runtime_Main_Module_GateProxy_Object__delete__S                       
UNDEFED   xdc_runtime_Main_Module_GateProxy_query__E                                
UNDEFED   xdc_runtime_Memory_HeapProxy_Handle__label__S__mangled__                  
UNDEFED   xdc_runtime_Memory_HeapProxy_Object__delete__S__mangled__                 
UNDEFED   xdc_runtime_System_Module_GateProxy_Handle__label__S__mangled__           
UNDEFED   xdc_runtime_System_Module_GateProxy_Object__delete__S__mangled__          
UNDEFED   xdc_runtime_System_Module_GateProxy_query__E__mangled__                   
UNDEFED   xdc_runtime_System_SupportProxy_abort__E                                  
UNDEFED   xdc_runtime_System_SupportProxy_exit__E                                   
UNDEFED   xdc_runtime_Timestamp_SupportProxy_get64__E__mangled__                    
UNDEFED   xdc_runtime_Timestamp_SupportProxy_getFreq__E__mangled__                  
UNDEFED   xdc_runtime_Timestamp_get32__E__mangled__                                 
UNDEFED   xdc_runtime_Timestamp_get64__E__mangled__                                 
UNDEFED   xdc_runtime_Timestamp_getFreq__E__mangled__                               

[1019 symbols]
